Component: ARM Compiler 5.06 update 6 (build 750) Tool: armlink [4d35ed]

==============================================================================

Section Cross References

    startup_stm32f407xx.o(RESET) refers to startup_stm32f407xx.o(STACK) for __initial_sp
    startup_stm32f407xx.o(RESET) refers to startup_stm32f407xx.o(.text) for Reset_Handler
    startup_stm32f407xx.o(RESET) refers to stm32f4xx_it.o(i.NMI_Handler) for NMI_Handler
    startup_stm32f407xx.o(RESET) refers to stm32f4xx_it.o(i.HardFault_Handler) for HardFault_Handler
    startup_stm32f407xx.o(RESET) refers to stm32f4xx_it.o(i.MemManage_Handler) for MemManage_Handler
    startup_stm32f407xx.o(RESET) refers to stm32f4xx_it.o(i.BusFault_Handler) for BusFault_Handler
    startup_stm32f407xx.o(RESET) refers to stm32f4xx_it.o(i.UsageFault_Handler) for UsageFault_Handler
    startup_stm32f407xx.o(RESET) refers to stm32f4xx_it.o(i.SVC_Handler) for SVC_Handler
    startup_stm32f407xx.o(RESET) refers to stm32f4xx_it.o(i.DebugMon_Handler) for DebugMon_Handler
    startup_stm32f407xx.o(RESET) refers to stm32f4xx_it.o(i.PendSV_Handler) for PendSV_Handler
    startup_stm32f407xx.o(RESET) refers to stm32f4xx_it.o(i.SysTick_Handler) for SysTick_Handler
    startup_stm32f407xx.o(RESET) refers to stm32f4xx_it.o(i.USART2_IRQHandler) for USART2_IRQHandler
    startup_stm32f407xx.o(.text) refers to system_stm32f4xx.o(i.SystemInit) for SystemInit
    startup_stm32f407xx.o(.text) refers to entry.o(.ARM.Collect$$$$00000000) for __main
    servo.o(i.closeCover) refers to stm32f4xx_hal.o(i.HAL_Delay) for HAL_Delay
    servo.o(i.initServo) refers to stm32f4xx_hal_tim.o(i.HAL_TIM_PWM_Start) for HAL_TIM_PWM_Start
    servo.o(i.openCover) refers to stm32f4xx_hal.o(i.HAL_Delay) for HAL_Delay
    esp8266.o(i.Close_Connection) refers to esp8266.o(i.Send_ESP_Conc) for Send_ESP_Conc
    esp8266.o(i.ESP_Init) refers to stm32f4xx_hal_gpio.o(i.HAL_GPIO_WritePin) for HAL_GPIO_WritePin
    esp8266.o(i.ESP_Init) refers to esp8266.o(i.Send_ESP) for Send_ESP
    esp8266.o(i.ESP_Init) refers to esp8266.o(i.clear_rcvbuffer) for clear_rcvbuffer
    esp8266.o(i.ESP_Init) refers to esp8266.o(i.Send_ESP_Connect) for Send_ESP_Connect
    esp8266.o(i.ESP_Init) refers to write_lcd_func.o(i.send_connected_lcd) for send_connected_lcd
    esp8266.o(i.ESP_Init) refers to esp8266.o(i.Get_IP) for Get_IP
    esp8266.o(i.ESP_Init) refers to write_lcd_func.o(i.send_ready_lcd) for send_ready_lcd
    esp8266.o(i.ESP_Init) refers to write_lcd_func.o(i.send_not_connected_lcd) for send_not_connected_lcd
    esp8266.o(i.ESP_Init) refers to esp8266.o(.data) for .data
    esp8266.o(i.ESP_Init) refers to esp8266.o(.bss) for .bss
    esp8266.o(i.ESP_Login) refers to strlen.o(.text) for strlen
    esp8266.o(i.ESP_Login) refers to esp8266.o(i.Send_ESP_Conc) for Send_ESP_Conc
    esp8266.o(i.ESP_Login) refers to esp8266.o(i.Send_ESP) for Send_ESP
    esp8266.o(i.ESP_Login) refers to esp8266.o(i.clear_rcvbuffer) for clear_rcvbuffer
    esp8266.o(i.ESP_Login) refers to esp8266.o(.data) for .data
    esp8266.o(i.ESP_Read) refers to stm32f4xx_hal_gpio.o(i.HAL_GPIO_WritePin) for HAL_GPIO_WritePin
    esp8266.o(i.ESP_Read) refers to esp8266.o(i.clear_rcvbuffer) for clear_rcvbuffer
    esp8266.o(i.ESP_Read) refers to write_lcd_func.o(i.send_wifi_disconnected) for send_wifi_disconnected
    esp8266.o(i.ESP_Read) refers to esp8266.o(i.ESP_Init) for ESP_Init
    esp8266.o(i.ESP_Read) refers to strlen.o(.text) for strlen
    esp8266.o(i.ESP_Read) refers to esp8266.o(i.Send_ESP_Conc) for Send_ESP_Conc
    esp8266.o(i.ESP_Read) refers to esp8266.o(i.Send_ESP) for Send_ESP
    esp8266.o(i.ESP_Read) refers to stm32f4xx_hal.o(i.HAL_Delay) for HAL_Delay
    esp8266.o(i.ESP_Read) refers to esp8266.o(i.ESP_Login) for ESP_Login
    esp8266.o(i.ESP_Read) refers to strtok.o(.text) for strtok
    esp8266.o(i.ESP_Read) refers to printf3.o(i.__0printf$3) for __2printf
    esp8266.o(i.ESP_Read) refers to strcpy.o(.text) for strcpy
    esp8266.o(i.ESP_Read) refers to write_lcd_func.o(i.send_medicine_info) for send_medicine_info
    esp8266.o(i.ESP_Read) refers to strncmp.o(.text) for strncmp
    esp8266.o(i.ESP_Read) refers to memcpya.o(.text) for __aeabi_memcpy4
    esp8266.o(i.ESP_Read) refers to servo.o(i.openCover) for openCover
    esp8266.o(i.ESP_Read) refers to servo.o(i.closeCover) for closeCover
    esp8266.o(i.ESP_Read) refers to stm32f4xx_hal_gpio.o(i.HAL_GPIO_TogglePin) for HAL_GPIO_TogglePin
    esp8266.o(i.ESP_Read) refers to write_lcd_func.o(i.send_ready_lcd) for send_ready_lcd
    esp8266.o(i.ESP_Read) refers to esp8266.o(.data) for .data
    esp8266.o(i.ESP_Read) refers to esp8266.o(.bss) for .bss
    esp8266.o(i.ESP_Read) refers to main.o(.bss) for htim1
    esp8266.o(i.ESP_TCP) refers to esp8266.o(i.Send_ESP) for Send_ESP
    esp8266.o(i.ESP_TCP) refers to strlen.o(.text) for strlen
    esp8266.o(i.ESP_TCP) refers to esp8266.o(i.Send_ESP_Conc) for Send_ESP_Conc
[...]
    Removing stm32f4xx_hal_pwr.o(i.HAL_PWR_DisableSleepOnExit), (16 bytes).
    Removing stm32f4xx_hal_pwr.o(i.HAL_PWR_DisableWakeUpPin), (16 bytes).
    Removing stm32f4xx_hal_pwr.o(i.HAL_PWR_EnableBkUpAccess), (12 bytes).
    Removing stm32f4xx_hal_pwr.o(i.HAL_PWR_EnablePVD), (12 bytes).
    Removing stm32f4xx_hal_pwr.o(i.HAL_PWR_EnableSEVOnPend), (16 bytes).
    Removing stm32f4xx_hal_pwr.o(i.HAL_PWR_EnableSleepOnExit), (16 bytes).
    Removing stm32f4xx_hal_pwr.o(i.HAL_PWR_EnableWakeUpPin), (16 bytes).
    Removing stm32f4xx_hal_pwr.o(i.HAL_PWR_EnterSLEEPMode), (32 bytes).
    Removing stm32f4xx_hal_pwr.o(i.HAL_PWR_EnterSTANDBYMode), (32 bytes).
    Removing stm32f4xx_hal_pwr.o(i.HAL_PWR_EnterSTOPMode), (56 bytes).
    Removing stm32f4xx_hal_pwr.o(i.HAL_PWR_PVDCallback), (2 bytes).
    Removing stm32f4xx_hal_pwr.o(i.HAL_PWR_PVD_IRQHandler), (28 bytes).
    Removing stm32f4xx_hal_pwr_ex.o(.rev16_text), (4 bytes).
    Removing stm32f4xx_hal_pwr_ex.o(.revsh_text), (4 bytes).
    Removing stm32f4xx_hal_pwr_ex.o(.rrx_text), (6 bytes).
    Removing stm32f4xx_hal_pwr_ex.o(i.HAL_PWREx_ControlVoltageScaling), (88 bytes).
    Removing stm32f4xx_hal_pwr_ex.o(i.HAL_PWREx_DisableBkUpReg), (60 bytes).
    Removing stm32f4xx_hal_pwr_ex.o(i.HAL_PWREx_DisableFlashPowerDown), (12 bytes).
    Removing stm32f4xx_hal_pwr_ex.o(i.HAL_PWREx_EnableBkUpReg), (60 bytes).
    Removing stm32f4xx_hal_pwr_ex.o(i.HAL_PWREx_EnableFlashPowerDown), (12 bytes).
    Removing stm32f4xx_hal_pwr_ex.o(i.HAL_PWREx_GetVoltageRange), (16 bytes).
    Removing stm32f4xx_hal_cortex.o(.rev16_text), (4 bytes).
    Removing stm32f4xx_hal_cortex.o(.revsh_text), (4 bytes).
    Removing stm32f4xx_hal_cortex.o(.rrx_text), (6 bytes).
    Removing stm32f4xx_hal_cortex.o(i.HAL_MPU_ConfigRegion), (84 bytes).
    Removing stm32f4xx_hal_cortex.o(i.HAL_MPU_Disable), (28 bytes).
    Removing stm32f4xx_hal_cortex.o(i.HAL_MPU_Enable), (36 bytes).
    Removing stm32f4xx_hal_cortex.o(i.HAL_NVIC_ClearPendingIRQ), (26 bytes).
    Removing stm32f4xx_hal_cortex.o(i.HAL_NVIC_DisableIRQ), (34 bytes).
    Removing stm32f4xx_hal_cortex.o(i.HAL_NVIC_GetActive), (36 bytes).
    Removing stm32f4xx_hal_cortex.o(i.HAL_NVIC_GetPendingIRQ), (36 bytes).
    Removing stm32f4xx_hal_cortex.o(i.HAL_NVIC_GetPriority), (82 bytes).
    Removing stm32f4xx_hal_cortex.o(i.HAL_NVIC_GetPriorityGrouping), (16 bytes).
    Removing stm32f4xx_hal_cortex.o(i.HAL_NVIC_SetPendingIRQ), (26 bytes).
    Removing stm32f4xx_hal_cortex.o(i.HAL_NVIC_SystemReset), (36 bytes).
    Removing stm32f4xx_hal_cortex.o(i.HAL_SYSTICK_CLKSourceConfig), (24 bytes).
    Removing stm32f4xx_hal_cortex.o(i.HAL_SYSTICK_Callback), (2 bytes).
    Removing stm32f4xx_hal_cortex.o(i.HAL_SYSTICK_IRQHandler), (8 bytes).
    Removing stm32f4xx_hal.o(.rev16_text), (4 bytes).
    Removing stm32f4xx_hal.o(.revsh_text), (4 bytes).
    Removing stm32f4xx_hal.o(.rrx_text), (6 bytes).
    Removing stm32f4xx_hal.o(i.HAL_DBGMCU_DisableDBGSleepMode), (16 bytes).
    Removing stm32f4xx_hal.o(i.HAL_DBGMCU_DisableDBGStandbyMode), (16 bytes).
    Removing stm32f4xx_hal.o(i.HAL_DBGMCU_DisableDBGStopMode), (16 bytes).
    Removing stm32f4xx_hal.o(i.HAL_DBGMCU_EnableDBGSleepMode), (16 bytes).
    Removing stm32f4xx_hal.o(i.HAL_DBGMCU_EnableDBGStandbyMode), (16 bytes).
    Removing stm32f4xx_hal.o(i.HAL_DBGMCU_EnableDBGStopMode), (16 bytes).
    Removing stm32f4xx_hal.o(i.HAL_DeInit), (52 bytes).
    Removing stm32f4xx_hal.o(i.HAL_DisableCompensationCell), (12 bytes).
    Removing stm32f4xx_hal.o(i.HAL_EnableCompensationCell), (12 bytes).
    Removing stm32f4xx_hal.o(i.HAL_GetDEVID), (16 bytes).
    Removing stm32f4xx_hal.o(i.HAL_GetHalVersion), (8 bytes).
    Removing stm32f4xx_hal.o(i.HAL_GetREVID), (12 bytes).
    Removing stm32f4xx_hal.o(i.HAL_GetTickFreq), (12 bytes).
    Removing stm32f4xx_hal.o(i.HAL_GetTickPrio), (12 bytes).
    Removing stm32f4xx_hal.o(i.HAL_GetUIDw0), (12 bytes).
    Removing stm32f4xx_hal.o(i.HAL_GetUIDw1), (12 bytes).
    Removing stm32f4xx_hal.o(i.HAL_GetUIDw2), (12 bytes).
    Removing stm32f4xx_hal.o(i.HAL_MspDeInit), (2 bytes).
    Removing stm32f4xx_hal.o(i.HAL_MspInit), (2 bytes).
    Removing stm32f4xx_hal.o(i.HAL_ResumeTick), (14 bytes).
    Removing stm32f4xx_hal.o(i.HAL_SetTickFreq), (28 bytes).
    Removing stm32f4xx_hal.o(i.HAL_SuspendTick), (14 bytes).
    Removing stm32f4xx_hal_exti.o(.rev16_text), (4 bytes).
    Removing stm32f4xx_hal_exti.o(.revsh_text), (4 bytes).
    Removing stm32f4xx_hal_exti.o(.rrx_text), (6 bytes).
    Removing stm32f4xx_hal_exti.o(i.HAL_EXTI_ClearConfigLine), (56 bytes).
    Removing stm32f4xx_hal_exti.o(i.HAL_EXTI_ClearPending), (12 bytes).
    Removing stm32f4xx_hal_exti.o(i.HAL_EXTI_GenerateSWI), (12 bytes).
    Removing stm32f4xx_hal_exti.o(i.HAL_EXTI_GetConfigLine), (108 bytes).
    Removing stm32f4xx_hal_exti.o(i.HAL_EXTI_GetHandle), (12 bytes).
    Removing stm32f4xx_hal_exti.o(i.HAL_EXTI_GetPending), (28 bytes).
    Removing stm32f4xx_hal_exti.o(i.HAL_EXTI_IRQHandler), (28 bytes).
    Removing stm32f4xx_hal_exti.o(i.HAL_EXTI_RegisterCallback), (14 bytes).
    Removing stm32f4xx_hal_exti.o(i.HAL_EXTI_SetConfigLine), (112 bytes).
    Removing system_stm32f4xx.o(.rev16_text), (4 bytes).
    Removing system_stm32f4xx.o(.revsh_text), (4 bytes).
    Removing system_stm32f4xx.o(.rrx_text), (6 bytes).
    Removing system_stm32f4xx.o(i.SystemCoreClockUpdate), (124 bytes).
    Removing dadd.o(.text), (334 bytes).
    Removing dmul.o(.text), (228 bytes).
    Removing ddiv.o(.text), (222 bytes).
    Removing dfixul.o(.text), (48 bytes).
    Removing cdrcmple.o(.text), (48 bytes).
    Removing depilogue.o(.text), (186 bytes).

507 unused section(s) (total 46611 bytes) removed from the image.

==============================================================================

Image Symbol Table

    Local Symbols

    Symbol Name                              Value     Ov Type        Size  Object(Section)

    ../Drivers/STM32F4xx_HAL_Driver/Src/stm32f4xx_hal.c 0x00000000   Number         0  stm32f4xx_hal.o ABSOLUTE
    ../Drivers/STM32F4xx_HAL_Driver/Src/stm32f4xx_hal_cortex.c 0x00000000   Number         0  stm32f4xx_hal_cortex.o ABSOLUTE
    ../Drivers/STM32F4xx_HAL_Driver/Src/stm32f4xx_hal_dma.c 0x00000000   Number         0  stm32f4xx_hal_dma.o ABSOLUTE
    ../Drivers/STM32F4xx_HAL_Driver/Src/stm32f4xx_hal_dma_ex.c 0x00000000   Number         0  stm32f4xx_hal_dma_ex.o ABSOLUTE
    ../Drivers/STM32F4xx_HAL_Driver/Src/stm32f4xx_hal_exti.c 0x00000000   Number         0  stm32f4xx_hal_exti.o ABSOLUTE
    ../Drivers/STM32F4xx_HAL_Driver/Src/stm32f4xx_hal_flash.c 0x00000000   Number         0  stm32f4xx_hal_flash.o ABSOLUTE
    ../Drivers/STM32F4xx_HAL_Driver/Src/stm32f4xx_hal_flash_ex.c 0x00000000   Number         0  stm32f4xx_hal_flash_ex.o ABSOLUTE
    ../Drivers/STM32F4xx_HAL_Driver/Src/stm32f4xx_hal_flash_ramfunc.c 0x00000000   Number         0  stm32f4xx_hal_flash_ramfunc.o ABSOLUTE
    ../Drivers/STM32F4xx_HAL_Driver/Src/stm32f4xx_hal_gpio.c 0x00000000   Number         0  stm32f4xx_hal_gpio.o ABSOLUTE
    ../Drivers/STM32F4xx_HAL_Driver/Src/stm32f4xx_hal_i2c.c 0x00000000   Number         0  stm32f4xx_hal_i2c.o ABSOLUTE
    ../Drivers/STM32F4xx_HAL_Driver/Src/stm32f4xx_hal_i2c_ex.c 0x00000000   Number         0  stm32f4xx_hal_i2c_ex.o ABSOLUTE
    ../Drivers/STM32F4xx_HAL_Driver/Src/stm32f4xx_hal_pwr.c 0x00000000   Number         0  stm32f4xx_hal_pwr.o ABSOLUTE
    ../Drivers/STM32F4xx_HAL_Driver/Src/stm32f4xx_hal_pwr_ex.c 0x00000000   Number         0  stm32f4xx_hal_pwr_ex.o ABSOLUTE
    ../Drivers/STM32F4xx_HAL_Driver/Src/stm32f4xx_hal_rcc.c 0x00000000   Number         0  stm32f4xx_hal_rcc.o ABSOLUTE
    ../Drivers/STM32F4xx_HAL_Driver/Src/stm32f4xx_hal_rcc_ex.c 0x00000000   Number         0  stm32f4xx_hal_rcc_ex.o ABSOLUTE
    ../Drivers/STM32F4xx_HAL_Driver/Src/stm32f4xx_hal_tim.c 0x00000000   Number         0  stm32f4xx_hal_tim.o ABSOLUTE
    ../Drivers/STM32F4xx_HAL_Driver/Src/stm32f4xx_hal_tim_ex.c 0x00000000   Number         0  stm32f4xx_hal_tim_ex.o ABSOLUTE
    ../Drivers/STM32F4xx_HAL_Driver/Src/stm32f4xx_hal_uart.c 0x00000000   Number         0  stm32f4xx_hal_uart.o ABSOLUTE
    ../Src/main.c                            0x00000000   Number         0  main.o ABSOLUTE
    ../Src/stm32f4xx_hal_msp.c               0x00000000   Number         0  stm32f4xx_hal_msp.o ABSOLUTE
    ../Src/stm32f4xx_it.c                    0x00000000   Number         0  stm32f4xx_it.o ABSOLUTE
    ../Src/system_stm32f4xx.c                0x00000000   Number         0  system_stm32f4xx.o ABSOLUTE
    ../clib/microlib/division.c              0x00000000   Number         0  uidiv.o ABSOLUTE
    ../clib/microlib/division.c              0x00000000   Number         0  uldiv.o ABSOLUTE
    ../clib/microlib/init/entry.s            0x00000000   Number         0  entry8a.o ABSOLUTE
    ../clib/microlib/init/entry.s            0x00000000   Number         0  entry7a.o ABSOLUTE
    ../clib/microlib/init/entry.s            0x00000000   Number         0  entry10b.o ABSOLUTE
    ../clib/microlib/init/entry.s            0x00000000   Number         0  entry2.o ABSOLUTE
    ../clib/microlib/init/entry.s            0x00000000   Number         0  entry.o ABSOLUTE
    ../clib/microlib/init/entry.s            0x00000000   Number         0  entry5.o ABSOLUTE
    ../clib/microlib/init/entry.s            0x00000000   Number         0  entry9a.o ABSOLUTE
    ../clib/microlib/init/entry.s            0x00000000   Number         0  entry8b.o ABSOLUTE
    ../clib/microlib/init/entry.s            0x00000000   Number         0  entry7b.o ABSOLUTE
    ../clib/microlib/init/entry.s            0x00000000   Number         0  entry9b.o ABSOLUTE
    ../clib/microlib/init/entry.s            0x00000000   Number         0  entry10a.o ABSOLUTE
    ../clib/microlib/init/entry.s            0x00000000   Number         0  entry11a.o ABSOLUTE
    ../clib/microlib/init/entry.s            0x00000000   Number         0  entry11b.o ABSOLUTE
    ../clib/microlib/longlong.c              0x00000000   Number         0  llshl.o ABSOLUTE
    ../clib/microlib/longlong.c              0x00000000   Number         0  llushr.o ABSOLUTE
    ../clib/microlib/longlong.c              0x00000000   Number         0  llsshr.o ABSOLUTE
    ../clib/microlib/printf/printf.c         0x00000000   Number         0  printf3.o ABSOLUTE
    ../clib/microlib/printf/printf.c         0x00000000   Number         0  printf2.o ABSOLUTE
    ../clib/microlib/printf/printf.c         0x00000000   Number         0  printf1.o ABSOLUTE
    ../clib/microlib/printf/printf.c         0x00000000   Number         0  printf0.o ABSOLUTE
    ../clib/microlib/printf/printf.c         0x00000000   Number         0  printfb.o ABSOLUTE
    ../clib/microlib/printf/printf.c         0x00000000   Number         0  printfa.o ABSOLUTE
    ../clib/microlib/printf/printf.c         0x00000000   Number         0  printf8.o ABSOLUTE
    ../clib/microlib/printf/printf.c         0x00000000   Number         0  printf4.o ABSOLUTE
    ../clib/microlib/printf/printf.c         0x00000000   Number         0  printf7.o ABSOLUTE
    ../clib/microlib/printf/printf.c         0x00000000   Number         0  printf6.o ABSOLUTE
    ../clib/microlib/printf/printf.c         0x00000000   Number         0  printf5.o ABSOLUTE
    ../clib/microlib/printf/stubs.s          0x00000000   Number         0  stubs.o ABSOLUTE
    ../clib/microlib/string/memcpy.c         0x00000000   Number         0  memcpya.o ABSOLUTE
    ../clib/microlib/string/memcpy.c         0x00000000   Number         0  memcpyb.o ABSOLUTE
    ../clib/microlib/string/memset.c         0x00000000   Number         0  memseta.o ABSOLUTE
    ../clib/microlib/string/strcat.c         0x00000000   Number         0  strcat.o ABSOLUTE
    ../clib/microlib/string/strcpy.c         0x00000000   Number         0  strcpy.o ABSOLUTE
    ../clib/microlib/string/strlen.c         0x00000000   Number         0  strlen.o ABSOLUTE
    ../clib/microlib/string/strncmp.c        0x00000000   Number         0  strncmp.o ABSOLUTE
    ../clib/microlib/string/strstr.c         0x00000000   Number         0  strstr.o ABSOLUTE
    ../clib/microlib/string/strtok.c         0x00000000   Number         0  strtok.o ABSOLUTE
    ../clib/microlib/string/strtok.c         0x00000000   Number         0  strtok_r.o ABSOLUTE
    ../clib/microlib/stubs.s                 0x00000000   Number         0  useno.o ABSOLUTE
    ../clib/microlib/stubs.s                 0x00000000   Number         0  iusefp.o ABSOLUTE
    ../fplib/microlib/fpadd.c                0x00000000   Number         0  dadd.o ABSOLUTE
    ../fplib/microlib/fpdiv.c                0x00000000   Number         0  ddiv.o ABSOLUTE
    ../fplib/microlib/fpepilogue.c           0x00000000   Number         0  depilogue.o ABSOLUTE
    ../fplib/microlib/fpfix.c                0x00000000   Number         0  dfixul.o ABSOLUTE
    ../fplib/microlib/fpmul.c                0x00000000   Number         0  dmul.o ABSOLUTE
    ..\Drivers\STM32F4xx_HAL_Driver\Src\stm32f4xx_hal.c 0x00000000   Number         0  stm32f4xx_hal.o ABSOLUTE
    ..\Drivers\STM32F4xx_HAL_Driver\Src\stm32f4xx_hal_cortex.c 0x00000000   Number         0  stm32f4xx_hal_cortex.o ABSOLUTE
    ..\Drivers\STM32F4xx_HAL_Driver\Src\stm32f4xx_hal_dma.c 0x00000000   Number         0  stm32f4xx_hal_dma.o ABSOLUTE
    ..\Drivers\STM32F4xx_HAL_Driver\Src\stm32f4xx_hal_dma_ex.c 0x00000000   Number         0  stm32f4xx_hal_dma_ex.o ABSOLUTE
    ..\Drivers\STM32F4xx_HAL_Driver\Src\stm32f4xx_hal_exti.c 0x00000000   Number         0  stm32f4xx_hal_exti.o ABSOLUTE
    ..\Drivers\STM32F4xx_HAL_Driver\Src\stm32f4xx_hal_flash.c 0x00000000   Number         0  stm32f4xx_hal_flash.o ABSOLUTE
    ..\Drivers\STM32F4xx_HAL_Driver\Src\stm32f4xx_hal_flash_ex.c 0x00000000   Number         0  stm32f4xx_hal_flash_ex.o ABSOLUTE
    ..\Drivers\STM32F4xx_HAL_Driver\Src\stm32f4xx_hal_flash_ramfunc.c 0x00000000   Number         0  stm32f4xx_hal_flash_ramfunc.o ABSOLUTE
    ..\Drivers\STM32F4xx_HAL_Driver\Src\stm32f4xx_hal_gpio.c 0x00000000   Number         0  stm32f4xx_hal_gpio.o ABSOLUTE
    ..\Drivers\STM32F4xx_HAL_Driver\Src\stm32f4xx_hal_i2c.c 0x00000000   Number         0  stm32f4xx_hal_i2c.o ABSOLUTE
    ..\Drivers\STM32F4xx_HAL_Driver\Src\stm32f4xx_hal_i2c_ex.c 0x00000000   Number         0  stm32f4xx_hal_i2c_ex.o ABSOLUTE
    ..\Drivers\STM32F4xx_HAL_Driver\Src\stm32f4xx_hal_pwr.c 0x00000000   Number         0  stm32f4xx_hal_pwr.o ABSOLUTE
    ..\Drivers\STM32F4xx_HAL_Driver\Src\stm32f4xx_hal_pwr_ex.c 0x00000000   Number         0  stm32f4xx_hal_pwr_ex.o ABSOLUTE
    ..\Drivers\STM32F4xx_HAL_Driver\Src\stm32f4xx_hal_rcc.c 0x00000000   Number         0  stm32f4xx_hal_rcc.o ABSOLUTE
    ..\Drivers\STM32F4xx_HAL_Driver\Src\stm32f4xx_hal_rcc_ex.c 0x00000000   Number         0  stm32f4xx_hal_rcc_ex.o ABSOLUTE
    ..\Drivers\STM32F4xx_HAL_Driver\Src\stm32f4xx_hal_tim.c 0x00000000   Number         0  stm32f4xx_hal_tim.o ABSOLUTE
    ..\Drivers\STM32F4xx_HAL_Driver\Src\stm32f4xx_hal_tim_ex.c 0x00000000   Number         0  stm32f4xx_hal_tim_ex.o ABSOLUTE
    ..\Drivers\STM32F4xx_HAL_Driver\Src\stm32f4xx_hal_uart.c 0x00000000   Number         0  stm32f4xx_hal_uart.o ABSOLUTE
    ..\Src\ds1302.c                          0x00000000   Number         0  ds1302.o ABSOLUTE
    ..\Src\dwt_delay.c                       0x00000000   Number         0  dwt_delay.o ABSOLUTE
    ..\Src\esp8266.c                         0x00000000   Number         0  esp8266.o ABSOLUTE
    ..\Src\main.c                            0x00000000   Number         0  main.o ABSOLUTE
    ..\Src\printf.c                          0x00000000   Number         0  printf.o ABSOLUTE
    ..\Src\servo.c                           0x00000000   Number         0  servo.o ABSOLUTE
    ..\Src\ssd1306.c                         0x00000000   Number         0  ssd1306.o ABSOLUTE
    ..\Src\ssd1306_fonts.c                   0x00000000   Number         0  ssd1306_fonts.o ABSOLUTE
    ..\Src\stm32f4xx_hal_msp.c               0x00000000   Number         0  stm32f4xx_hal_msp.o ABSOLUTE
    ..\Src\stm32f4xx_it.c                    0x00000000   Number         0  stm32f4xx_it.o ABSOLUTE
    ..\Src\system_stm32f4xx.c                0x00000000   Number         0  system_stm32f4xx.o ABSOLUTE
    ..\Src\write_lcd_func.c                  0x00000000   Number         0  write_lcd_func.o ABSOLUTE
    ..\\Src\\ds1302.c                        0x00000000   Number         0  ds1302.o ABSOLUTE
    ..\\Src\\dwt_delay.c                     0x00000000   Number         0  dwt_delay.o ABSOLUTE
    ..\\Src\\esp8266.c                       0x00000000   Number         0  esp8266.o ABSOLUTE
    ..\\Src\\printf.c                        0x00000000   Number         0  printf.o ABSOLUTE
    ..\\Src\\servo.c                         0x00000000   Number         0  servo.o ABSOLUTE
    ..\\Src\\ssd1306.c                       0x00000000   Number         0  ssd1306.o ABSOLUTE
    ..\\Src\\write_lcd_func.c                0x00000000   Number         0  write_lcd_func.o ABSOLUTE
    cdrcmple.s                               0x00000000   Number         0  cdrcmple.o ABSOLUTE
    dc.s                                     0x00000000   Number         0  dc.o ABSOLUTE
    handlers.s                               0x00000000   Number         0  handlers.o ABSOLUTE
    init.s                                   0x00000000   Number         0  init.o ABSOLUTE
    startup_stm32f407xx.s                    0x00000000   Number         0  startup_stm32f407xx.o ABSOLUTE
    RESET                                    0x08000000   Section      392  startup_stm32f407xx.o(RESET)
    .ARM.Collect$$$$00000000                 0x08000188   Section        0  entry.o(.ARM.Collect$$$$00000000)
    .ARM.Collect$$$$00000001                 0x08000188   Section        4  entry2.o(.ARM.Collect$$$$00000001)
    .ARM.Collect$$$$00000004                 0x0800018c   Section        4  entry5.o(.ARM.Collect$$$$00000004)
    .ARM.Collect$$$$00000008                 0x08000190   Section        0  entry7b.o(.ARM.Collect$$$$00000008)
    .ARM.Collect$$$$0000000A                 0x08000190   Section        0  entry8b.o(.ARM.Collect$$$$0000000A)
    .ARM.Collect$$$$0000000B                 0x08000190   Section        8  entry9a.o(.ARM.Collect$$$$0000000B)
    .ARM.Collect$$$$0000000D                 0x08000198   Section        0  entry10a.o(.ARM.Collect$$$$0000000D)
    .ARM.Collect$$$$0000000F                 0x08000198   Section        0  entry11a.o(.ARM.Collect$$$$0000000F)
    .ARM.Collect$$$$00002712                 0x08000198   Section        4  entry2.o(.ARM.Collect$$$$00002712)
    __lit__00000000                          0x08000198   Data           4  entry2.o(.ARM.Collect$$$$00002712)
    .text                                    0x0800019c   Section       36  startup_stm32f407xx.o(.text)
    $v0                                      0x0800019c   Number         0  startup_stm32f407xx.o(.text)
    .text                                    0x080001c0   Section        0  uldiv.o(.text)
    .text                                    0x08000222   Section        0  memcpya.o(.text)
    .text                                    0x08000246   Section        0  memseta.o(.text)
    .text                                    0x0800026a   Section        0  strcat.o(.text)
    .text                                    0x08000282   Section        0  strstr.o(.text)
    .text                                    0x080002a6   Section        0  strlen.o(.text)
    .text                                    0x080002b4   Section        0  strcpy.o(.text)
    .text                                    0x080002c6   Section        0  strncmp.o(.text)
    .text                                    0x080002e4   Section        0  strtok.o(.text)
    .text                                    0x08000328   Section        0  uidiv.o(.text)
    .text                                    0x08000354   Section        0  llshl.o(.text)
    .text                                    0x08000372   Section        0  llushr.o(.text)
    .text                                    0x08000394   Section       36  init.o(.text)
    i.BusFault_Handler                       0x080003b8   Section        0  stm32f4xx_it.o(i.BusFault_Handler)
    i.DS1302_ClockStart                      0x080003bc   Section        0  ds1302.o(i.DS1302_ClockStart)
    i.DS1302_Init                            0x080003f0   Section        0  ds1302.o(i.DS1302_Init)
    i.DS1302_ReadByte                        0x08000440   Section        0  ds1302.o(i.DS1302_ReadByte)
    DS1302_ReadByte                          0x08000441   Thumb Code   130  ds1302.o(i.DS1302_ReadByte)
    i.DS1302_SendCmd                         0x080004c8   Section        0  ds1302.o(i.DS1302_SendCmd)
    DS1302_SendCmd                           0x080004c9   Thumb Code    74  ds1302.o(i.DS1302_SendCmd)
    i.DS1302_WriteByte                       0x08000518   Section        0  ds1302.o(i.DS1302_WriteByte)
    DS1302_WriteByte                         0x08000519   Thumb Code   118  ds1302.o(i.DS1302_WriteByte)
    i.DWT_Delay_Init                         0x08000594   Section        0  dwt_delay.o(i.DWT_Delay_Init)
    i.DebugMon_Handler                       0x080005d8   Section        0  stm32f4xx_it.o(i.DebugMon_Handler)
    i.ESP_Init                               0x080005dc   Section        0  esp8266.o(i.ESP_Init)
    i.ESP_Login                              0x08000758   Section        0  esp8266.o(i.ESP_Login)
    i.ESP_Read                               0x080007e4   Section        0  esp8266.o(i.ESP_Read)
    i.Get_IP                                 0x08000aec   Section        0  esp8266.o(i.Get_IP)
    i.HAL_DMA_Abort_IT                       0x08000b44   Section        0  stm32f4xx_hal_dma.o(i.HAL_DMA_Abort_IT)
    i.HAL_Delay                              0x08000b68   Section        0  stm32f4xx_hal.o(i.HAL_Delay)
    i.HAL_GPIO_Init                          0x08000b8c   Section        0  stm32f4xx_hal_gpio.o(i.HAL_GPIO_Init)
    i.HAL_GPIO_ReadPin                       0x08000d3c   Section        0  stm32f4xx_hal_gpio.o(i.HAL_GPIO_ReadPin)
    i.HAL_GPIO_TogglePin                     0x08000d46   Section        0  stm32f4xx_hal_gpio.o(i.HAL_GPIO_TogglePin)
    i.HAL_GPIO_WritePin                      0x08000d54   Section        0  stm32f4xx_hal_gpio.o(i.HAL_GPIO_WritePin)
    i.HAL_GetTick                            0x08000d60   Section        0  stm32f4xx_hal.o(i.HAL_GetTick)
    i.HAL_I2C_Init                           0x08000d6c   Section        0  stm32f4xx_hal_i2c.o(i.HAL_I2C_Init)
    i.HAL_I2C_Mem_Write                      0x08000ee0   Section        0  stm32f4xx_hal_i2c.o(i.HAL_I2C_Mem_Write)
    i.HAL_I2C_MspInit                        0x08001010   Section        0  stm32f4xx_hal_msp.o(i.HAL_I2C_MspInit)
    i.HAL_IncTick                            0x08001078   Section        0  stm32f4xx_hal.o(i.HAL_IncTick)
    i.HAL_Init                               0x08001088   Section        0  stm32f4xx_hal.o(i.HAL_Init)
    i.HAL_InitTick                           0x080010bc   Section        0  stm32f4xx_hal.o(i.HAL_InitTick)
    i.HAL_MspInit                            0x080010fc   Section        0  stm32f4xx_hal_msp.o(i.HAL_MspInit)
    i.HAL_NVIC_EnableIRQ                     0x0800112c   Section        0  stm32f4xx_hal_cortex.o(i.HAL_NVIC_EnableIRQ)
    i.HAL_NVIC_SetPriority                   0x08001148   Section        0  stm32f4xx_hal_cortex.o(i.HAL_NVIC_SetPriority)
    i.HAL_NVIC_SetPriorityGrouping           0x08001188   Section        0  stm32f4xx_hal_cortex.o(i.HAL_NVIC_SetPriorityGrouping)
    i.HAL_RCC_ClockConfig                    0x080011ac   Section        0  stm32f4xx_hal_rcc.o(i.HAL_RCC_ClockConfig)
    i.HAL_RCC_GetHCLKFreq                    0x080012dc   Section        0  stm32f4xx_hal_rcc.o(i.HAL_RCC_GetHCLKFreq)
    i.HAL_RCC_GetPCLK1Freq                   0x080012e8   Section        0  stm32f4xx_hal_rcc.o(i.HAL_RCC_GetPCLK1Freq)
    i.HAL_RCC_GetPCLK2Freq                   0x08001308   Section        0  stm32f4xx_hal_rcc.o(i.HAL_RCC_GetPCLK2Freq)
    i.HAL_RCC_GetSysClockFreq                0x08001328   Section        0  stm32f4xx_hal_rcc.o(i.HAL_RCC_GetSysClockFreq)
    i.HAL_RCC_OscConfig                      0x0800138c   Section        0  stm32f4xx_hal_rcc.o(i.HAL_RCC_OscConfig)
    i.HAL_SYSTICK_Config                     0x080016a8   Section        0  stm32f4xx_hal_cortex.o(i.HAL_SYSTICK_Config)
    i.HAL_TIMEx_ConfigBreakDeadTime          0x080016d0   Section        0  stm32f4xx_hal_tim_ex.o(i.HAL_TIMEx_ConfigBreakDeadTime)
    i.HAL_TIMEx_MasterConfigSynchronization  0x08001724   Section        0  stm32f4xx_hal_tim_ex.o(i.HAL_TIMEx_MasterConfigSynchronization)
    i.HAL_TIM_MspPostInit                    0x08001768   Section        0  stm32f4xx_hal_msp.o(i.HAL_TIM_MspPostInit)
    i.HAL_TIM_OC_ConfigChannel               0x080017bc   Section        0  stm32f4xx_hal_tim.o(i.HAL_TIM_OC_ConfigChannel)
    i.HAL_TIM_OC_Init                        0x08001812   Section        0  stm32f4xx_hal_tim.o(i.HAL_TIM_OC_Init)
    i.HAL_TIM_OC_MspInit                     0x08001848   Section        0  stm32f4xx_hal_tim.o(i.HAL_TIM_OC_MspInit)
    i.HAL_TIM_PWM_ConfigChannel              0x0800184a   Section        0  stm32f4xx_hal_tim.o(i.HAL_TIM_PWM_ConfigChannel)
    i.HAL_TIM_PWM_Init                       0x0800191a   Section        0  stm32f4xx_hal_tim.o(i.HAL_TIM_PWM_Init)
    i.HAL_TIM_PWM_MspInit                    0x08001950   Section        0  stm32f4xx_hal_msp.o(i.HAL_TIM_PWM_MspInit)
    i.HAL_TIM_PWM_Start                      0x08001978   Section        0  stm32f4xx_hal_tim.o(i.HAL_TIM_PWM_Start)
    i.HAL_UART_ErrorCallback                 0x080019bc   Section        0  stm32f4xx_hal_uart.o(i.HAL_UART_ErrorCallback)
    i.HAL_UART_IRQHandler                    0x080019c0   Section        0  stm32f4xx_hal_uart.o(i.HAL_UART_IRQHandler)
    i.HAL_UART_Init                          0x08001ad0   Section        0  stm32f4xx_hal_uart.o(i.HAL_UART_Init)
    i.HAL_UART_MspInit                       0x08001b34   Section        0  stm32f4xx_hal_msp.o(i.HAL_UART_MspInit)
    i.HAL_UART_Receive_IT                    0x08001bac   Section        0  stm32f4xx_hal_uart.o(i.HAL_UART_Receive_IT)
    i.HAL_UART_RxCpltCallback                0x08001c00   Section        0  esp8266.o(i.HAL_UART_RxCpltCallback)
    i.HAL_UART_Transmit_IT                   0x08001cbc   Section        0  stm32f4xx_hal_uart.o(i.HAL_UART_Transmit_IT)
    i.HAL_UART_TxCpltCallback                0x08001cfa   Section        0  stm32f4xx_hal_uart.o(i.HAL_UART_TxCpltCallback)
    i.HardFault_Handler                      0x08001cfc   Section        0  stm32f4xx_it.o(i.HardFault_Handler)
    i.I2C_IsAcknowledgeFailed                0x08001d00   Section        0  stm32f4xx_hal_i2c.o(i.I2C_IsAcknowledgeFailed)
    I2C_IsAcknowledgeFailed                  0x08001d01   Thumb Code    46  stm32f4xx_hal_i2c.o(i.I2C_IsAcknowledgeFailed)
    i.I2C_RequestMemoryWrite                 0x08001d30   Section        0  stm32f4xx_hal_i2c.o(i.I2C_RequestMemoryWrite)
    I2C_RequestMemoryWrite                   0x08001d31   Thumb Code   144  stm32f4xx_hal_i2c.o(i.I2C_RequestMemoryWrite)
    i.I2C_WaitOnBTFFlagUntilTimeout          0x08001dc4   Section        0  stm32f4xx_hal_i2c.o(i.I2C_WaitOnBTFFlagUntilTimeout)
    I2C_WaitOnBTFFlagUntilTimeout            0x08001dc5   Thumb Code    76  stm32f4xx_hal_i2c.o(i.I2C_WaitOnBTFFlagUntilTimeout)
    i.I2C_WaitOnFlagUntilTimeout             0x08001e10   Section        0  stm32f4xx_hal_i2c.o(i.I2C_WaitOnFlagUntilTimeout)
    I2C_WaitOnFlagUntilTimeout               0x08001e11   Thumb Code   104  stm32f4xx_hal_i2c.o(i.I2C_WaitOnFlagUntilTimeout)
    i.I2C_WaitOnMasterAddressFlagUntilTimeout 0x08001e78   Section        0  stm32f4xx_hal_i2c.o(i.I2C_WaitOnMasterAddressFlagUntilTimeout)
    I2C_WaitOnMasterAddressFlagUntilTimeout  0x08001e79   Thumb Code   150  stm32f4xx_hal_i2c.o(i.I2C_WaitOnMasterAddressFlagUntilTimeout)
    i.I2C_WaitOnTXEFlagUntilTimeout          0x08001f0e   Section        0  stm32f4xx_hal_i2c.o(i.I2C_WaitOnTXEFlagUntilTimeout)
    I2C_WaitOnTXEFlagUntilTimeout            0x08001f0f   Thumb Code    76  stm32f4xx_hal_i2c.o(i.I2C_WaitOnTXEFlagUntilTimeout)
    i.MX_GPIO_Init                           0x08001f5c   Section        0  main.o(i.MX_GPIO_Init)
    MX_GPIO_Init                             0x08001f5d   Thumb Code   184  main.o(i.MX_GPIO_Init)
    i.MX_TIM1_Init                           0x08002020   Section        0  main.o(i.MX_TIM1_Init)
    MX_TIM1_Init                             0x08002021   Thumb Code   168  main.o(i.MX_TIM1_Init)
    i.MemManage_Handler                      0x080020d0   Section        0  stm32f4xx_it.o(i.MemManage_Handler)
    i.NMI_Handler                            0x080020d4   Section        0  stm32f4xx_it.o(i.NMI_Handler)
    i.PendSV_Handler                         0x0800212c   Section        0  stm32f4xx_it.o(i.PendSV_Handler)
    i.SVC_Handler                            0x0800212e   Section        0  stm32f4xx_it.o(i.SVC_Handler)
    i.Send_ESP                               0x08002130   Section        0  esp8266.o(i.Send_ESP)
    i.Send_ESP_Conc                          0x08002188   Section        0  esp8266.o(i.Send_ESP_Conc)
    i.Send_ESP_Connect                       0x080021f8   Section        0  esp8266.o(i.Send_ESP_Connect)
    i.SysTick_Handler                        0x08002278   Section        0  stm32f4xx_it.o(i.SysTick_Handler)
    i.SystemClock_Config                     0x0800227c   Section        0  main.o(i.SystemClock_Config)
    i.SystemInit                             0x080022ec   Section        0  system_stm32f4xx.o(i.SystemInit)
    i.TIM_Base_SetConfig                     0x08002340   Section        0  stm32f4xx_hal_tim.o(i.TIM_Base_SetConfig)
    i.TIM_CCxChannelCmd                      0x08002408   Section        0  stm32f4xx_hal_tim.o(i.TIM_CCxChannelCmd)
    i.TIM_OC1_SetConfig                      0x08002424   Section        0  stm32f4xx_hal_tim.o(i.TIM_OC1_SetConfig)
    TIM_OC1_SetConfig                        0x08002425   Thumb Code    88  stm32f4xx_hal_tim.o(i.TIM_OC1_SetConfig)
    i.TIM_OC2_SetConfig                      0x08002484   Section        0  stm32f4xx_hal_tim.o(i.TIM_OC2_SetConfig)
    i.TIM_OC3_SetConfig                      0x080024f0   Section        0  stm32f4xx_hal_tim.o(i.TIM_OC3_SetConfig)
    TIM_OC3_SetConfig                        0x080024f1   Thumb Code    96  stm32f4xx_hal_tim.o(i.TIM_OC3_SetConfig)
    i.TIM_OC4_SetConfig                      0x08002558   Section        0  stm32f4xx_hal_tim.o(i.TIM_OC4_SetConfig)
    TIM_OC4_SetConfig                        0x08002559   Thumb Code    70  stm32f4xx_hal_tim.o(i.TIM_OC4_SetConfig)
    i.UART_DMAAbortOnError                   0x080025a8   Section        0  stm32f4xx_hal_uart.o(i.UART_DMAAbortOnError)
    UART_DMAAbortOnError                     0x080025a9   Thumb Code    16  stm32f4xx_hal_uart.o(i.UART_DMAAbortOnError)
    i.UART_EndRxTransfer                     0x080025b8   Section        0  stm32f4xx_hal_uart.o(i.UART_EndRxTransfer)
    UART_EndRxTransfer                       0x080025b9   Thumb Code    28  stm32f4xx_hal_uart.o(i.UART_EndRxTransfer)
    i.UART_Receive_IT                        0x080025d4   Section        0  stm32f4xx_hal_uart.o(i.UART_Receive_IT)
    UART_Receive_IT                          0x080025d5   Thumb Code   150  stm32f4xx_hal_uart.o(i.UART_Receive_IT)
    i.UART_SetConfig                         0x0800266c   Section        0  stm32f4xx_hal_uart.o(i.UART_SetConfig)
    UART_SetConfig                           0x0800266d   Thumb Code   676  stm32f4xx_hal_uart.o(i.UART_SetConfig)
    i.UART_Transmit_IT                       0x08002918   Section        0  stm32f4xx_hal_uart.o(i.UART_Transmit_IT)
    UART_Transmit_IT                         0x08002919   Thumb Code    98  stm32f4xx_hal_uart.o(i.UART_Transmit_IT)
    i.USART2_IRQHandler                      0x0800297c   Section        0  stm32f4xx_it.o(i.USART2_IRQHandler)
    i.UsageFault_Handler                     0x08002988   Section        0  stm32f4xx_it.o(i.UsageFault_Handler)
    i.__0printf$3                            0x0800298c   Section        0  printf3.o(i.__0printf$3)
    i.__0sprintf$3                           0x080029ac   Section        0  printf3.o(i.__0sprintf$3)
    i.__NVIC_SetPriority                     0x080029d4   Section        0  stm32f4xx_hal_cortex.o(i.__NVIC_SetPriority)
    __NVIC_SetPriority                       0x080029d5   Thumb Code    32  stm32f4xx_hal_cortex.o(i.__NVIC_SetPriority)
    i.__scatterload_copy                     0x080029f4   Section       14  handlers.o(i.__scatterload_copy)
    i.__scatterload_null                     0x08002a02   Section        2  handlers.o(i.__scatterload_null)
    i.__scatterload_zeroinit                 0x08002a04   Section       14  handlers.o(i.__scatterload_zeroinit)
    i._printf_core                           0x08002a14   Section        0  printf3.o(i._printf_core)
    _printf_core                             0x08002a15   Thumb Code   436  printf3.o(i._printf_core)
    i._sputc                                 0x08002bcc   Section        0  printf3.o(i._sputc)
    _sputc                                   0x08002bcd   Thumb Code    10  printf3.o(i._sputc)
    i.clear_rcvbuffer                        0x08002bd8   Section        0  esp8266.o(i.clear_rcvbuffer)
    i.closeCover                             0x08002bf4   Section        0  servo.o(i.closeCover)
    i.delayUS_DWT                            0x08002c2c   Section        0  ds1302.o(i.delayUS_DWT)
    delayUS_DWT                              0x08002c2d   Thumb Code    34  ds1302.o(i.delayUS_DWT)
    i.fputc                                  0x08002c58   Section        0  printf.o(i.fputc)
    i.initServo                              0x08002c80   Section        0  servo.o(i.initServo)
    i.main                                   0x08002cb0   Section        0  main.o(i.main)
    i.openCover                              0x08002d70   Section        0  servo.o(i.openCover)
    i.readSDA                                0x08002da8   Section        0  ds1302.o(i.readSDA)
    readSDA                                  0x08002da9   Thumb Code    32  ds1302.o(i.readSDA)
    i.send_connected_lcd                     0x08002dcc   Section        0  write_lcd_func.o(i.send_connected_lcd)
    i.send_intro_lcd                         0x08002e90   Section        0  write_lcd_func.o(i.send_intro_lcd)
    i.send_medicine_info                     0x08003010   Section        0  write_lcd_func.o(i.send_medicine_info)
    i.send_not_connected_lcd                 0x080030e8   Section        0  write_lcd_func.o(i.send_not_connected_lcd)
    i.send_ready_lcd                         0x080031ac   Section        0  write_lcd_func.o(i.send_ready_lcd)
    i.send_wifi_disconnected                 0x0800328c   Section        0  write_lcd_func.o(i.send_wifi_disconnected)
    i.ssd1306_DrawPixel                      0x08003328   Section        0  ssd1306.o(i.ssd1306_DrawPixel)
    i.ssd1306_Fill                           0x08003368   Section        0  ssd1306.o(i.ssd1306_Fill)
    i.ssd1306_Init                           0x08003388   Section        0  ssd1306.o(i.ssd1306_Init)
    i.ssd1306_SetCursor                      0x08003454   Section        0  ssd1306.o(i.ssd1306_SetCursor)
    i.ssd1306_UpdateScreen                   0x08003460   Section        0  ssd1306.o(i.ssd1306_UpdateScreen)
    i.ssd1306_WriteChar                      0x08003498   Section        0  ssd1306.o(i.ssd1306_WriteChar)
    i.ssd1306_WriteCommand                   0x08003534   Section        0  ssd1306.o(i.ssd1306_WriteCommand)
    i.ssd1306_WriteData                      0x08003558   Section        0  ssd1306.o(i.ssd1306_WriteData)
    i.ssd1306_WriteString                    0x08003578   Section        0  ssd1306.o(i.ssd1306_WriteString)
    i.writeSDA                               0x080035a4   Section        0  ds1302.o(i.writeSDA)
    writeSDA                                 0x080035a5   Thumb Code    30  ds1302.o(i.writeSDA)
    .constdata                               0x080035c8   Section     1900  ssd1306_fonts.o(.constdata)
    Font7x10                                 0x080035c8   Data        1900  ssd1306_fonts.o(.constdata)
    .constdata                               0x08003d34   Section       16  system_stm32f4xx.o(.constdata)
    .constdata                               0x08003d44   Section        8  system_stm32f4xx.o(.constdata)
    .conststring                             0x08003d4c   Section     1617  esp8266.o(.conststring)
    .data                                    0x20000000   Section       81  esp8266.o(.data)
    send_msg                                 0x20000004   Data           4  esp8266.o(.data)
    reset_msg                                0x20000008   Data           4  esp8266.o(.data)
    login_msg                                0x2000000c   Data           4  esp8266.o(.data)
    .data                                    0x20000054   Section        4  printf.o(.data)
    .data                                    0x20000058   Section        8  ssd1306_fonts.o(.data)
    .data                                    0x20000060   Section        6  ssd1306.o(.data)
    SSD1306                                  0x20000060   Data           6  ssd1306.o(.data)
    .data                                    0x20000068   Section       12  stm32f4xx_hal.o(.data)
    .data                                    0x20000074   Section        4  system_stm32f4xx.o(.data)
    .data                                    0x20000078   Section        4  strtok.o(.data)
    state                                    0x20000078   Data           4  strtok.o(.data)
    .bss                                     0x2000007c   Section     1925  esp8266.o(.bss)
    .bss                                     0x20000801   Section      100  write_lcd_func.o(.bss)
    .bss                                     0x20000865   Section     1024  ssd1306.o(.bss)
    SSD1306_Buffer                           0x20000865   Data        1024  ssd1306.o(.bss)
    .bss                                     0x20000c68   Section      212  main.o(.bss)
    STACK                                    0x20000d40   Section     1024  startup_stm32f407xx.o(STACK)

    Global Symbols

    Symbol Name                              Value     Ov Type        Size  Object(Section)

    BuildAttributes$$THM_ISAv4$E$P$D$K$B$S$7EM$VFPi3$EXTD16$VFPS$VFMA$PE$A:L22UL41UL21$X:L11$S22US41US21$IEEE1$IW$USESV6$~STKCKD$USESV7$~SHL$OSPACE$ROPI$EBA8$MICROLIB$REQ8$PRES8$EABIv2 0x00000000   Number         0  anon$$obj.o ABSOLUTE
    __ARM_use_no_argv                        0x00000000   Number         0  main.o ABSOLUTE
    __use_no_errno                           0x00000000   Number         0  useno.o ABSOLUTE
    __use_no_exception_handling              0x00000000   Number         0  useno.o ABSOLUTE
    __use_no_fp                              0x00000000   Number         0  useno.o ABSOLUTE
    __use_no_heap                            0x00000000   Number         0  useno.o ABSOLUTE
    __use_no_heap_region                     0x00000000   Number         0  useno.o ABSOLUTE
    __use_no_semihosting                     0x00000000   Number         0  useno.o ABSOLUTE
    __use_no_semihosting_swi                 0x00000000   Number         0  useno.o ABSOLUTE
    __use_no_signal_handling                 0x00000000   Number         0  useno.o ABSOLUTE
    _printf_a                                0x00000000   Number         0  stubs.o ABSOLUTE
    _printf_c                                0x00000000   Number         0  stubs.o ABSOLUTE
    _printf_charcount                        0x00000000   Number         0  stubs.o ABSOLUTE
    _printf_d                                0x00000000   Number         0  stubs.o ABSOLUTE
    _printf_e                                0x00000000   Number         0  stubs.o ABSOLUTE
    _printf_f                                0x00000000   Number         0  stubs.o ABSOLUTE
    _printf_flags                            0x00000000   Number         0  stubs.o ABSOLUTE
    _printf_fp_dec                           0x00000000   Number         0  stubs.o ABSOLUTE
    _printf_fp_hex                           0x00000000   Number         0  stubs.o ABSOLUTE
    _printf_g                                0x00000000   Number         0  stubs.o ABSOLUTE
    _printf_i                                0x00000000   Number         0  stubs.o ABSOLUTE
    _printf_int_dec                          0x00000000   Number         0  stubs.o ABSOLUTE
    _printf_l                                0x00000000   Number         0  stubs.o ABSOLUTE
    _printf_lc                               0x00000000   Number         0  stubs.o ABSOLUTE
    _printf_ll                               0x00000000   Number         0  stubs.o ABSOLUTE
    _printf_lld                              0x00000000   Number         0  stubs.o ABSOLUTE
    _printf_lli                              0x00000000   Number         0  stubs.o ABSOLUTE
    _printf_llo                              0x00000000   Number         0  stubs.o ABSOLUTE
    _printf_llu                              0x00000000   Number         0  stubs.o ABSOLUTE
    _printf_llx                              0x00000000   Number         0  stubs.o ABSOLUTE
    _printf_longlong_dec                     0x00000000   Number         0  stubs.o ABSOLUTE
    _printf_longlong_hex                     0x00000000   Number         0  stubs.o ABSOLUTE
    _printf_longlong_oct                     0x00000000   Number         0  stubs.o ABSOLUTE
    _printf_ls                               0x00000000   Number         0  stubs.o ABSOLUTE
    _printf_mbtowc                           0x00000000   Number         0  stubs.o ABSOLUTE
    _printf_n                                0x00000000   Number         0  stubs.o ABSOLUTE
    _printf_o                                0x00000000   Number         0  stubs.o ABSOLUTE
    _printf_p                                0x00000000   Number         0  stubs.o ABSOLUTE
    _printf_percent                          0x00000000   Number         0  stubs.o ABSOLUTE
    _printf_pre_padding                      0x00000000   Number         0  stubs.o ABSOLUTE
    _printf_return_value                     0x00000000   Number         0  stubs.o ABSOLUTE
    _printf_s                                0x00000000   Number         0  stubs.o ABSOLUTE
    _printf_sizespec                         0x00000000   Number         0  stubs.o ABSOLUTE
    _printf_str                              0x00000000   Number         0  stubs.o ABSOLUTE
    _printf_truncate_signed                  0x00000000   Number         0  stubs.o ABSOLUTE
    _printf_truncate_unsigned                0x00000000   Number         0  stubs.o ABSOLUTE
    _printf_u                                0x00000000   Number         0  stubs.o ABSOLUTE
    _printf_wc                               0x00000000   Number         0  stubs.o ABSOLUTE
    _printf_wctomb                           0x00000000   Number         0  stubs.o ABSOLUTE
    _printf_widthprec                        0x00000000   Number         0  stubs.o ABSOLUTE
    _printf_x                                0x00000000   Number         0  stubs.o ABSOLUTE
    __cpp_initialize__aeabi_                  - Undefined Weak Reference
    __cxa_finalize                            - Undefined Weak Reference
    __decompress                              - Undefined Weak Reference
    _clock_init                               - Undefined Weak Reference
    _microlib_exit                            - Undefined Weak Reference
    __Vectors_Size                           0x00000188   Number         0  startup_stm32f407xx.o ABSOLUTE
    __Vectors                                0x08000000   Data           4  startup_stm32f407xx.o(RESET)
    __Vectors_End                            0x08000188   Data           0  startup_stm32f407xx.o(RESET)
    __main                                   0x08000189   Thumb Code     0  entry.o(.ARM.Collect$$$$00000000)
    _main_stk                                0x08000189   Thumb Code     0  entry2.o(.ARM.Collect$$$$00000001)
    _main_scatterload                        0x0800018d   Thumb Code     0  entry5.o(.ARM.Collect$$$$00000004)
    __main_after_scatterload                 0x08000191   Thumb Code     0  entry5.o(.ARM.Collect$$$$00000004)
    _main_clock                              0x08000191   Thumb Code     0  entry7b.o(.ARM.Collect$$$$00000008)
    _main_cpp_init                           0x08000191   Thumb Code     0  entry8b.o(.ARM.Collect$$$$0000000A)
    _main_init                               0x08000191   Thumb Code     0  entry9a.o(.ARM.Collect$$$$0000000B)
    __rt_final_cpp                           0x08000199   Thumb Code     0  entry10a.o(.ARM.Collect$$$$0000000D)
    __rt_final_exit                          0x08000199   Thumb Code     0  entry11a.o(.ARM.Collect$$$$0000000F)
    Reset_Handler                            0x0800019d   Thumb Code     8  startup_stm32f407xx.o(.text)
    ADC_IRQHandler                           0x080001b7   Thumb Code     0  startup_stm32f407xx.o(.text)
    CAN1_RX0_IRQHandler                      0x080001b7   Thumb Code     0  startup_stm32f407xx.o(.text)
    CAN1_RX1_IRQHandler                      0x080001b7   Thumb Code     0  startup_stm32f407xx.o(.text)
    CAN1_SCE_IRQHandler                      0x080001b7   Thumb Code     0  startup_stm32f407xx.o(.text)
    CAN1_TX_IRQHandler                       0x080001b7   Thumb Code     0  startup_stm32f407xx.o(.text)
    CAN2_RX0_IRQHandler                      0x080001b7   Thumb Code     0  startup_stm32f407xx.o(.text)
    CAN2_RX1_IRQHandler                      0x080001b7   Thumb Code     0  startup_stm32f407xx.o(.text)
    CAN2_SCE_IRQHandler                      0x080001b7   Thumb Code     0  startup_stm32f407xx.o(.text)
    CAN2_TX_IRQHandler                       0x080001b7   Thumb Code     0  startup_stm32f407xx.o(.text)
    DCMI_IRQHandler                          0x080001b7   Thumb Code     0  startup_stm32f407xx.o(.text)
    DMA1_Stream0_IRQHandler                  0x080001b7   Thumb Code     0  startup_stm32f407xx.o(.text)
    DMA1_Stream1_IRQHandler                  0x080001b7   Thumb Code     0  startup_stm32f407xx.o(.text)
    DMA1_Stream2_IRQHandler                  0x080001b7   Thumb Code     0  startup_stm32f407xx.o(.text)
    DMA1_Stream3_IRQHandler                  0x080001b7   Thumb Code     0  startup_stm32f407xx.o(.text)
    DMA1_Stream4_IRQHandler                  0x080001b7   Thumb Code     0  startup_stm32f407xx.o(.text)
    DMA1_Stream5_IRQHandler                  0x080001b7   Thumb Code     0  startup_stm32f407xx.o(.text)
    DMA1_Stream6_IRQHandler                  0x080001b7   Thumb Code     0  startup_stm32f407xx.o(.text)
    DMA1_Stream7_IRQHandler                  0x080001b7   Thumb Code     0  startup_stm32f407xx.o(.text)
    DMA2_Stream0_IRQHandler                  0x080001b7   Thumb Code     0  startup_stm32f407xx.o(.text)
    DMA2_Stream1_IRQHandler                  0x080001b7   Thumb Code     0  startup_stm32f407xx.o(.text)
    DMA2_Stream2_IRQHandler                  0x080001b7   Thumb Code     0  startup_stm32f407xx.o(.text)
    DMA2_Stream3_IRQHandler                  0x080001b7   Thumb Code     0  startup_stm32f407xx.o(.text)
    DMA2_Stream4_IRQHandler                  0x080001b7   Thumb Code     0  startup_stm32f407xx.o(.text)
    DMA2_Stream5_IRQHandler                  0x080001b7   Thumb Code     0  startup_stm32f407xx.o(.text)
    DMA2_Stream6_IRQHandler                  0x080001b7   Thumb Code     0  startup_stm32f407xx.o(.text)
    DMA2_Stream7_IRQHandler                  0x080001b7   Thumb Code     0  startup_stm32f407xx.o(.text)
    ETH_IRQHandler                           0x080001b7   Thumb Code     0  startup_stm32f407xx.o(.text)
    ETH_WKUP_IRQHandler                      0x080001b7   Thumb Code     0  startup_stm32f407xx.o(.text)
    EXTI0_IRQHandler                         0x080001b7   Thumb Code     0  startup_stm32f407xx.o(.text)
    EXTI15_10_IRQHandler                     0x080001b7   Thumb Code     0  startup_stm32f407xx.o(.text)
    EXTI1_IRQHandler                         0x080001b7   Thumb Code     0  startup_stm32f407xx.o(.text)
    EXTI2_IRQHandler                         0x080001b7   Thumb Code     0  startup_stm32f407xx.o(.text)
    EXTI3_IRQHandler                         0x080001b7   Thumb Code     0  startup_stm32f407xx.o(.text)
    EXTI4_IRQHandler                         0x080001b7   Thumb Code     0  startup_stm32f407xx.o(.text)
    EXTI9_5_IRQHandler                       0x080001b7   Thumb Code     0  startup_stm32f407xx.o(.text)
    FLASH_IRQHandler                         0x080001b7   Thumb Code     0  startup_stm32f407xx.o(.text)
    FMC_IRQHandler                           0x080001b7   Thumb Code     0  startup_stm32f407xx.o(.text)
    FPU_IRQHandler                           0x080001b7   Thumb Code     0  startup_stm32f407xx.o(.text)
    HASH_RNG_IRQHandler                      0x080001b7   Thumb Code     0  startup_stm32f407xx.o(.text)
    I2C1_ER_IRQHandler                       0x080001b7   Thumb Code     0  startup_stm32f407xx.o(.text)
    I2C1_EV_IRQHandler                       0x080001b7   Thumb Code     0  startup_stm32f407xx.o(.text)
    I2C2_ER_IRQHandler                       0x080001b7   Thumb Code     0  startup_stm32f407xx.o(.text)
    I2C2_EV_IRQHandler                       0x080001b7   Thumb Code     0  startup_stm32f407xx.o(.text)
    I2C3_ER_IRQHandler                       0x080001b7   Thumb Code     0  startup_stm32f407xx.o(.text)
    I2C3_EV_IRQHandler                       0x080001b7   Thumb Code     0  startup_stm32f407xx.o(.text)
    OTG_FS_IRQHandler                        0x080001b7   Thumb Code     0  startup_stm32f407xx.o(.text)
    OTG_FS_WKUP_IRQHandler                   0x080001b7   Thumb Code     0  startup_stm32f407xx.o(.text)
    OTG_HS_EP1_IN_IRQHandler                 0x080001b7   Thumb Code     0  startup_stm32f407xx.o(.text)
    OTG_HS_EP1_OUT_IRQHandler                0x080001b7   Thumb Code     0  startup_stm32f407xx.o(.text)
    OTG_HS_IRQHandler                        0x080001b7   Thumb Code     0  startup_stm32f407xx.o(.text)
    OTG_HS_WKUP_IRQHandler                   0x080001b7   Thumb Code     0  startup_stm32f407xx.o(.text)
    PVD_IRQHandler                           0x080001b7   Thumb Code     0  startup_stm32f407xx.o(.text)
    RCC_IRQHandler                           0x080001b7   Thumb Code     0  startup_stm32f407xx.o(.text)
    RTC_Alarm_IRQHandler                     0x080001b7   Thumb Code     0  startup_stm32f407xx.o(.text)
    RTC_WKUP_IRQHandler                      0x080001b7   Thumb Code     0  startup_stm32f407xx.o(.text)
    SDIO_IRQHandler                          0x080001b7   Thumb Code     0  startup_stm32f407xx.o(.text)
    SPI1_IRQHandler                          0x080001b7   Thumb Code     0  startup_stm32f407xx.o(.text)
    SPI2_IRQHandler                          0x080001b7   Thumb Code     0  startup_stm32f407xx.o(.text)
    SPI3_IRQHandler                          0x080001b7   Thumb Code     0  startup_stm32f407xx.o(.text)
    TAMP_STAMP_IRQHandler                    0x080001b7   Thumb Code     0  startup_stm32f407xx.o(.text)
    TIM1_BRK_TIM9_IRQHandler                 0x080001b7   Thumb Code     0  startup_stm32f407xx.o(.text)
    TIM1_CC_IRQHandler                       0x080001b7   Thumb Code     0  startup_stm32f407xx.o(.text)
    TIM1_TRG_COM_TIM11_IRQHandler            0x080001b7   Thumb Code     0  startup_stm32f407xx.o(.text)
    TIM1_UP_TIM10_IRQHandler                 0x080001b7   Thumb Code     0  startup_stm32f407xx.o(.text)
    TIM2_IRQHandler                          0x080001b7   Thumb Code     0  startup_stm32f407xx.o(.text)
    TIM3_IRQHandler                          0x080001b7   Thumb Code     0  startup_stm32f407xx.o(.text)
    TIM4_IRQHandler                          0x080001b7   Thumb Code     0  startup_stm32f407xx.o(.text)
    TIM5_IRQHandler                          0x080001b7   Thumb Code     0  startup_stm32f407xx.o(.text)
    TIM6_DAC_IRQHandler                      0x080001b7   Thumb Code     0  startup_stm32f407xx.o(.text)
    TIM7_IRQHandler                          0x080001b7   Thumb Code     0  startup_stm32f407xx.o(.text)
    TIM8_BRK_TIM12_IRQHandler                0x080001b7   Thumb Code     0  startup_stm32f407xx.o(.text)
    TIM8_CC_IRQHandler                       0x080001b7   Thumb Code     0  startup_stm32f407xx.o(.text)
    TIM8_TRG_COM_TIM14_IRQHandler            0x080001b7   Thumb Code     0  startup_stm32f407xx.o(.text)
    TIM8_UP_TIM13_IRQHandler                 0x080001b7   Thumb Code     0  startup_stm32f407xx.o(.text)
    UART4_IRQHandler                         0x080001b7   Thumb Code     0  startup_stm32f407xx.o(.text)
    UART5_IRQHandler                         0x080001b7   Thumb Code     0  startup_stm32f407xx.o(.text)
    USART1_IRQHandler                        0x080001b7   Thumb Code     0  startup_stm32f407xx.o(.text)
    USART3_IRQHandler                        0x080001b7   Thumb Code     0  startup_stm32f407xx.o(.text)
    USART6_IRQHandler                        0x080001b7   Thumb Code     0  startup_stm32f407xx.o(.text)
    WWDG_IRQHandler                          0x080001b7   Thumb Code     0  startup_stm32f407xx.o(.text)
    __aeabi_uldivmod                         0x080001c1   Thumb Code    98  uldiv.o(.text)
    __aeabi_memcpy                           0x08000223   Thumb Code    36  memcpya.o(.text)
    __aeabi_memcpy4                          0x08000223   Thumb Code     0  memcpya.o(.text)
    __aeabi_memcpy8                          0x08000223   Thumb Code     0  memcpya.o(.text)
    __aeabi_memset                           0x08000247   Thumb Code    14  memseta.o(.text)
    __aeabi_memset4                          0x08000247   Thumb Code     0  memseta.o(.text)
    __aeabi_memset8                          0x08000247   Thumb Code     0  memseta.o(.text)
    __aeabi_memclr                           0x08000255   Thumb Code     4  memseta.o(.text)
    __aeabi_memclr4                          0x08000255   Thumb Code     0  memseta.o(.text)
    __aeabi_memclr8                          0x08000255   Thumb Code     0  memseta.o(.text)
    _memset$wrapper                          0x08000259   Thumb Code    18  memseta.o(.text)
    strcat                                   0x0800026b   Thumb Code    24  strcat.o(.text)
    strstr                                   0x08000283   Thumb Code    36  strstr.o(.text)
    strlen                                   0x080002a7   Thumb Code    14  strlen.o(.text)
    strcpy                                   0x080002b5   Thumb Code    18  strcpy.o(.text)
    strncmp                                  0x080002c7   Thumb Code    30  strncmp.o(.text)
    strtok                                   0x080002e5   Thumb Code    62  strtok.o(.text)
    __aeabi_uidiv                            0x08000329   Thumb Code     0  uidiv.o(.text)
    __aeabi_uidivmod                         0x08000329   Thumb Code    44  uidiv.o(.text)
    __aeabi_llsl                             0x08000355   Thumb Code    30  llshl.o(.text)
    _ll_shift_l                              0x08000355   Thumb Code     0  llshl.o(.text)
    __aeabi_llsr                             0x08000373   Thumb Code    32  llushr.o(.text)
    _ll_ushift_r                             0x08000373   Thumb Code     0  llushr.o(.text)
    __scatterload                            0x08000395   Thumb Code    28  init.o(.text)
    __scatterload_rt2                        0x08000395   Thumb Code     0  init.o(.text)
    BusFault_Handler                         0x080003b9   Thumb Code     4  stm32f4xx_it.o(i.BusFault_Handler)
    DS1302_ClockStart                        0x080003bd   Thumb Code    50  ds1302.o(i.DS1302_ClockStart)
    DS1302_Init                              0x080003f1   Thumb Code    76  ds1302.o(i.DS1302_Init)
    DWT_Delay_Init                           0x08000595   Thumb Code    58  dwt_delay.o(i.DWT_Delay_Init)
    DebugMon_Handler                         0x080005d9   Thumb Code     2  stm32f4xx_it.o(i.DebugMon_Handler)
    ESP_Init                                 0x080005dd   Thumb Code   240  esp8266.o(i.ESP_Init)
    ESP_Login                                0x08000759   Thumb Code    84  esp8266.o(i.ESP_Login)
    ESP_Read                                 0x080007e5   Thumb Code   686  esp8266.o(i.ESP_Read)
    Get_IP                                   0x08000aed   Thumb Code    56  esp8266.o(i.Get_IP)
    HAL_DMA_Abort_IT                         0x08000b45   Thumb Code    36  stm32f4xx_hal_dma.o(i.HAL_DMA_Abort_IT)
    HAL_Delay                                0x08000b69   Thumb Code    32  stm32f4xx_hal.o(i.HAL_Delay)
    HAL_GPIO_Init                            0x08000b8d   Thumb Code   388  stm32f4xx_hal_gpio.o(i.HAL_GPIO_Init)
    HAL_GPIO_ReadPin                         0x08000d3d   Thumb Code    10  stm32f4xx_hal_gpio.o(i.HAL_GPIO_ReadPin)
    HAL_GPIO_TogglePin                       0x08000d47   Thumb Code    14  stm32f4xx_hal_gpio.o(i.HAL_GPIO_TogglePin)
    HAL_GPIO_WritePin                        0x08000d55   Thumb Code    10  stm32f4xx_hal_gpio.o(i.HAL_GPIO_WritePin)
    HAL_GetTick                              0x08000d61   Thumb Code     6  stm32f4xx_hal.o(i.HAL_GetTick)
    HAL_I2C_Init                             0x08000d6d   Thumb Code   356  stm32f4xx_hal_i2c.o(i.HAL_I2C_Init)
    HAL_I2C_Mem_Write                        0x08000ee1   Thumb Code   294  stm32f4xx_hal_i2c.o(i.HAL_I2C_Mem_Write)
    HAL_I2C_MspInit                          0x08001011   Thumb Code    92  stm32f4xx_hal_msp.o(i.HAL_I2C_MspInit)
    HAL_IncTick                              0x08001079   Thumb Code    12  stm32f4xx_hal.o(i.HAL_IncTick)
    HAL_Init                                 0x08001089   Thumb Code    48  stm32f4xx_hal.o(i.HAL_Init)
    HAL_InitTick                             0x080010bd   Thumb Code    54  stm32f4xx_hal.o(i.HAL_InitTick)
    HAL_MspInit                              0x080010fd   Thumb Code    42  stm32f4xx_hal_msp.o(i.HAL_MspInit)
    HAL_NVIC_EnableIRQ                       0x0800112d   Thumb Code    26  stm32f4xx_hal_cortex.o(i.HAL_NVIC_EnableIRQ)
    HAL_NVIC_SetPriority                     0x08001149   Thumb Code    60  stm32f4xx_hal_cortex.o(i.HAL_NVIC_SetPriority)
    HAL_NVIC_SetPriorityGrouping             0x08001189   Thumb Code    26  stm32f4xx_hal_cortex.o(i.HAL_NVIC_SetPriorityGrouping)
    HAL_RCC_ClockConfig                      0x080011ad   Thumb Code   286  stm32f4xx_hal_rcc.o(i.HAL_RCC_ClockConfig)
    HAL_RCC_GetHCLKFreq                      0x080012dd   Thumb Code     6  stm32f4xx_hal_rcc.o(i.HAL_RCC_GetHCLKFreq)
    HAL_RCC_GetPCLK1Freq                     0x080012e9   Thumb Code    20  stm32f4xx_hal_rcc.o(i.HAL_RCC_GetPCLK1Freq)
    HAL_RCC_GetPCLK2Freq                     0x08001309   Thumb Code    20  stm32f4xx_hal_rcc.o(i.HAL_RCC_GetPCLK2Freq)
    HAL_RCC_GetSysClockFreq                  0x08001329   Thumb Code    88  stm32f4xx_hal_rcc.o(i.HAL_RCC_GetSysClockFreq)
    HAL_RCC_OscConfig                        0x0800138d   Thumb Code   770  stm32f4xx_hal_rcc.o(i.HAL_RCC_OscConfig)
    HAL_SYSTICK_Config                       0x080016a9   Thumb Code    40  stm32f4xx_hal_cortex.o(i.HAL_SYSTICK_Config)
    HAL_TIMEx_ConfigBreakDeadTime            0x080016d1   Thumb Code    84  stm32f4xx_hal_tim_ex.o(i.HAL_TIMEx_ConfigBreakDeadTime)
    HAL_TIMEx_MasterConfigSynchronization    0x08001725   Thumb Code    66  stm32f4xx_hal_tim_ex.o(i.HAL_TIMEx_MasterConfigSynchronization)
    HAL_TIM_MspPostInit                      0x08001769   Thumb Code    72  stm32f4xx_hal_msp.o(i.HAL_TIM_MspPostInit)
    HAL_TIM_OC_ConfigChannel                 0x080017bd   Thumb Code    86  stm32f4xx_hal_tim.o(i.HAL_TIM_OC_ConfigChannel)
    HAL_TIM_OC_Init                          0x08001813   Thumb Code    54  stm32f4xx_hal_tim.o(i.HAL_TIM_OC_Init)
    HAL_TIM_OC_MspInit                       0x08001849   Thumb Code     2  stm32f4xx_hal_tim.o(i.HAL_TIM_OC_MspInit)
    HAL_TIM_PWM_ConfigChannel                0x0800184b   Thumb Code   208  stm32f4xx_hal_tim.o(i.HAL_TIM_PWM_ConfigChannel)
    HAL_TIM_PWM_Init                         0x0800191b   Thumb Code    54  stm32f4xx_hal_tim.o(i.HAL_TIM_PWM_Init)
    HAL_TIM_PWM_MspInit                      0x08001951   Thumb Code    30  stm32f4xx_hal_msp.o(i.HAL_TIM_PWM_MspInit)
    HAL_TIM_PWM_Start                        0x08001979   Thumb Code    58  stm32f4xx_hal_tim.o(i.HAL_TIM_PWM_Start)
    HAL_UART_ErrorCallback                   0x080019bd   Thumb Code     2  stm32f4xx_hal_uart.o(i.HAL_UART_ErrorCallback)
    HAL_UART_IRQHandler                      0x080019c1   Thumb Code   266  stm32f4xx_hal_uart.o(i.HAL_UART_IRQHandler)
    HAL_UART_Init                            0x08001ad1   Thumb Code    98  stm32f4xx_hal_uart.o(i.HAL_UART_Init)
    HAL_UART_MspInit                         0x08001b35   Thumb Code   108  stm32f4xx_hal_msp.o(i.HAL_UART_MspInit)
    HAL_UART_Receive_IT                      0x08001bad   Thumb Code    82  stm32f4xx_hal_uart.o(i.HAL_UART_Receive_IT)
    HAL_UART_RxCpltCallback                  0x08001c01   Thumb Code   122  esp8266.o(i.HAL_UART_RxCpltCallback)
    HAL_UART_Transmit_IT                     0x08001cbd   Thumb Code    62  stm32f4xx_hal_uart.o(i.HAL_UART_Transmit_IT)
    HAL_UART_TxCpltCallback                  0x08001cfb   Thumb Code     2  stm32f4xx_hal_uart.o(i.HAL_UART_TxCpltCallback)
    HardFault_Handler                        0x08001cfd   Thumb Code     4  stm32f4xx_it.o(i.HardFault_Handler)
    MemManage_Handler                        0x080020d1   Thumb Code     4  stm32f4xx_it.o(i.MemManage_Handler)
    NMI_Handler                              0x080020d5   Thumb Code    76  stm32f4xx_it.o(i.NMI_Handler)
    PendSV_Handler                           0x0800212d   Thumb Code     2  stm32f4xx_it.o(i.PendSV_Handler)
    SVC_Handler                              0x0800212f   Thumb Code     2  stm32f4xx_it.o(i.SVC_Handler)
    Send_ESP                                 0x08002131   Thumb Code    66  esp8266.o(i.Send_ESP)
    Send_ESP_Conc                            0x08002189   Thumb Code    86  esp8266.o(i.Send_ESP_Conc)
    Send_ESP_Connect                         0x080021f9   Thumb Code    90  esp8266.o(i.Send_ESP_Connect)
    SysTick_Handler                          0x08002279   Thumb Code     4  stm32f4xx_it.o(i.SysTick_Handler)
    SystemClock_Config                       0x0800227d   Thumb Code   102  main.o(i.SystemClock_Config)
    SystemInit                               0x080022ed   Thumb Code    66  system_stm32f4xx.o(i.SystemInit)
    TIM_Base_SetConfig                       0x08002341   Thumb Code   156  stm32f4xx_hal_tim.o(i.TIM_Base_SetConfig)
    TIM_CCxChannelCmd                        0x08002409   Thumb Code    26  stm32f4xx_hal_tim.o(i.TIM_CCxChannelCmd)
    TIM_OC2_SetConfig                        0x08002485   Thumb Code    98  stm32f4xx_hal_tim.o(i.TIM_OC2_SetConfig)
    USART2_IRQHandler                        0x0800297d   Thumb Code     6  stm32f4xx_it.o(i.USART2_IRQHandler)
    UsageFault_Handler                       0x08002989   Thumb Code     4  stm32f4xx_it.o(i.UsageFault_Handler)
    __0printf$3                              0x0800298d   Thumb Code    22  printf3.o(i.__0printf$3)
    __1printf$3                              0x0800298d   Thumb Code     0  printf3.o(i.__0printf$3)
    __2printf                                0x0800298d   Thumb Code     0  printf3.o(i.__0printf$3)
    __0sprintf$3                             0x080029ad   Thumb Code    34  printf3.o(i.__0sprintf$3)
    __1sprintf$3                             0x080029ad   Thumb Code     0  printf3.o(i.__0sprintf$3)
    __2sprintf                               0x080029ad   Thumb Code     0  printf3.o(i.__0sprintf$3)
    __scatterload_copy                       0x080029f5   Thumb Code    14  handlers.o(i.__scatterload_copy)
    __scatterload_null                       0x08002a03   Thumb Code     2  handlers.o(i.__scatterload_null)
    __scatterload_zeroinit                   0x08002a05   Thumb Code    14  handlers.o(i.__scatterload_zeroinit)
    clear_rcvbuffer                          0x08002bd9   Thumb Code    18  esp8266.o(i.clear_rcvbuffer)
    closeCover                               0x08002bf5   Thumb Code    56  servo.o(i.closeCover)
    fputc                                    0x08002c59   Thumb Code    36  printf.o(i.fputc)
    initServo                                0x08002c81   Thumb Code    48  servo.o(i.initServo)
    main                                     0x08002cb1   Thumb Code   170  main.o(i.main)
    openCover                                0x08002d71   Thumb Code    56  servo.o(i.openCover)
    send_connected_lcd                       0x08002dcd   Thumb Code   118  write_lcd_func.o(i.send_connected_lcd)
    send_intro_lcd                           0x08002e91   Thumb Code   248  write_lcd_func.o(i.send_intro_lcd)
    send_medicine_info                       0x08003011   Thumb Code   166  write_lcd_func.o(i.send_medicine_info)
    send_not_connected_lcd                   0x080030e9   Thumb Code   118  write_lcd_func.o(i.send_not_connected_lcd)
    send_ready_lcd                           0x080031ad   Thumb Code   160  write_lcd_func.o(i.send_ready_lcd)
    send_wifi_disconnected                   0x0800328d   Thumb Code    98  write_lcd_func.o(i.send_wifi_disconnected)
    ssd1306_DrawPixel                        0x08003329   Thumb Code    54  ssd1306.o(i.ssd1306_DrawPixel)
    ssd1306_Fill                             0x08003369   Thumb Code    28  ssd1306.o(i.ssd1306_Fill)
    ssd1306_Init                             0x08003389   Thumb Code   200  ssd1306.o(i.ssd1306_Init)
    ssd1306_SetCursor                        0x08003455   Thumb Code     8  ssd1306.o(i.ssd1306_SetCursor)
    ssd1306_UpdateScreen                     0x08003461   Thumb Code    50  ssd1306.o(i.ssd1306_UpdateScreen)
    ssd1306_WriteChar                        0x08003499   Thumb Code   150  ssd1306.o(i.ssd1306_WriteChar)
    ssd1306_WriteCommand                     0x08003535   Thumb Code    32  ssd1306.o(i.ssd1306_WriteCommand)
    ssd1306_WriteData                        0x08003559   Thumb Code    26  ssd1306.o(i.ssd1306_WriteData)
    ssd1306_WriteString                      0x08003579   Thumb Code    44  ssd1306.o(i.ssd1306_WriteString)
    AHBPrescTable                            0x08003d34   Data          16  system_stm32f4xx.o(.constdata)
    APBPrescTable                            0x08003d44   Data           8  system_stm32f4xx.o(.constdata)
    Region$$Table$$Base                      0x080043a0   Number         0  anon$$obj.o(Region$$Table)
    Region$$Table$$Limit                     0x080043c0   Number         0  anon$$obj.o(Region$$Table)
    Rx_data                                  0x20000000   Data           1  esp8266.o(.data)
    ssid                                     0x20000010   Data           4  esp8266.o(.data)
    pass                                     0x20000014   Data           4  esp8266.o(.data)
    parse                                    0x20000018   Data           4  esp8266.o(.data)
    Rx_indx                                  0x2000001c   Data           4  esp8266.o(.data)
    veriuzunluk                              0x20000020   Data           4  esp8266.o(.data)
    htmlcode                                 0x20000024   Data           4  esp8266.o(.data)
    read_ok                                  0x20000028   Data           4  esp8266.o(.data)
    stat                                     0x2000002c   Data           4  esp8266.o(.data)
    reset                                    0x20000030   Data           4  esp8266.o(.data)
    login                                    0x20000034   Data           4  esp8266.o(.data)
    connection                               0x20000038   Data           4  esp8266.o(.data)
    ip                                       0x2000003c   Data           4  esp8266.o(.data)
    status_wifi                              0x20000040   Data           4  esp8266.o(.data)
    uzunluk                                  0x20000044   Data           4  esp8266.o(.data)
    check                                    0x20000048   Data           4  esp8266.o(.data)
    section                                  0x2000004c   Data           5  esp8266.o(.data)
    __stdout                                 0x20000054   Data           4  printf.o(.data)
    Font_7x10                                0x20000058   Data           8  ssd1306_fonts.o(.data)
    uwTickFreq                               0x20000068   Data           1  stm32f4xx_hal.o(.data)
    uwTickPrio                               0x2000006c   Data           4  stm32f4xx_hal.o(.data)
    uwTick                                   0x20000070   Data           4  stm32f4xx_hal.o(.data)
    SystemCoreClock                          0x20000074   Data           4  system_stm32f4xx.o(.data)
    Rx_Buffer                                0x2000007c   Data         100  esp8266.o(.bss)
    buffer                                   0x200000e0   Data        1500  esp8266.o(.bss)
    Parser                                   0x200006bc   Data         100  esp8266.o(.bss)
    ip_                                      0x20000720   Data         100  esp8266.o(.bss)
    ip_buf                                   0x20000784   Data          15  esp8266.o(.bss)
    medicine                                 0x20000793   Data         100  esp8266.o(.bss)
    time                                     0x200007f7   Data          10  esp8266.o(.bss)
    cache_ssid                               0x20000801   Data         100  write_lcd_func.o(.bss)
    hi2c1                                    0x20000c68   Data          84  main.o(.bss)
    htim1                                    0x20000cbc   Data          64  main.o(.bss)
    huart2                                   0x20000cfc   Data          64  main.o(.bss)
    __initial_sp                             0x20001140   Data           0  startup_stm32f407xx.o(STACK)



==============================================================================

Memory Map of the image

  Image Entry point : 0x08000189

  Load Region LR_IROM1 (Base: 0x08000000, Size: 0x0000443c, Max: 0x00100000, ABSOLUTE)

    Execution Region ER_IROM1 (Exec base: 0x08000000, Load base: 0x08000000, Size: 0x000043c0, Max: 0x00100000, ABSOLUTE)

    Exec Addr    Load Addr    Size         Type   Attr      Idx    E Section Name        Object

    0x08000000   0x08000000   0x00000188   Data   RO            3    RESET               startup_stm32f407xx.o
    0x08000188   0x08000188   0x00000000   Code   RO         3729  * .ARM.Collect$$$$00000000  mc_w.l(entry.o)
    0x08000188   0x08000188   0x00000004   Code   RO         4017    .ARM.Collect$$$$00000001  mc_w.l(entry2.o)
    0x0800018c   0x0800018c   0x00000004   Code   RO         4020    .ARM.Collect$$$$00000004  mc_w.l(entry5.o)
    0x08000190   0x08000190   0x00000000   Code   RO         4022    .ARM.Collect$$$$00000008  mc_w.l(entry7b.o)
    0x08000190   0x08000190   0x00000000   Code   RO         4024    .ARM.Collect$$$$0000000A  mc_w.l(entry8b.o)
    0x08000190   0x08000190   0x00000008   Code   RO         4025    .ARM.Collect$$$$0000000B  mc_w.l(entry9a.o)
    0x08000198   0x08000198   0x00000000   Code   RO         4027    .ARM.Collect$$$$0000000D  mc_w.l(entry10a.o)
    0x08000198   0x08000198   0x00000000   Code   RO         4029    .ARM.Collect$$$$0000000F  mc_w.l(entry11a.o)
    0x08000198   0x08000198   0x00000004   Code   RO         4018    .ARM.Collect$$$$00002712  mc_w.l(entry2.o)
    0x0800019c   0x0800019c   0x00000024   Code   RO            4    .text               startup_stm32f407xx.o
    0x080001c0   0x080001c0   0x00000062   Code   RO         3732    .text               mc_w.l(uldiv.o)
    0x08000222   0x08000222   0x00000024   Code   RO         3734    .text               mc_w.l(memcpya.o)
    0x08000246   0x08000246   0x00000024   Code   RO         3736    .text               mc_w.l(memseta.o)
    0x0800026a   0x0800026a   0x00000018   Code   RO         3738    .text               mc_w.l(strcat.o)
    0x08000282   0x08000282   0x00000024   Code   RO         3740    .text               mc_w.l(strstr.o)
    0x080002a6   0x080002a6   0x0000000e   Code   RO         3742    .text               mc_w.l(strlen.o)
    0x080002b4   0x080002b4   0x00000012   Code   RO         3744    .text               mc_w.l(strcpy.o)
    0x080002c6   0x080002c6   0x0000001e   Code   RO         3746    .text               mc_w.l(strncmp.o)
    0x080002e4   0x080002e4   0x00000044   Code   RO         3748    .text               mc_w.l(strtok.o)
    0x08000328   0x08000328   0x0000002c   Code   RO         4031    .text               mc_w.l(uidiv.o)
    0x08000354   0x08000354   0x0000001e   Code   RO         4033    .text               mc_w.l(llshl.o)
    0x08000372   0x08000372   0x00000020   Code   RO         4035    .text               mc_w.l(llushr.o)
    0x08000392   0x08000392   0x00000002   PAD
    0x08000394   0x08000394   0x00000024   Code   RO         4048    .text               mc_w.l(init.o)
    0x080003b8   0x080003b8   0x00000004   Code   RO          723    i.BusFault_Handler  stm32f4xx_it.o
    0x080003bc   0x080003bc   0x00000032   Code   RO          272    i.DS1302_ClockStart  ds1302.o
    0x080003ee   0x080003ee   0x00000002   PAD
    0x080003f0   0x080003f0   0x00000050   Code   RO          274    i.DS1302_Init       ds1302.o
    0x08000440   0x08000440   0x00000088   Code   RO          276    i.DS1302_ReadByte   ds1302.o
    0x080004c8   0x080004c8   0x00000050   Code   RO          281    i.DS1302_SendCmd    ds1302.o
    0x08000518   0x08000518   0x0000007c   Code   RO          283    i.DS1302_WriteByte  ds1302.o
    0x08000594   0x08000594   0x00000044   Code   RO          412    i.DWT_Delay_Init    dwt_delay.o
    0x080005d8   0x080005d8   0x00000002   Code   RO          724    i.DebugMon_Handler  stm32f4xx_it.o
    0x080005da   0x080005da   0x00000002   PAD
    0x080005dc   0x080005dc   0x0000017c   Code   RO          152    i.ESP_Init          esp8266.o
    0x08000758   0x08000758   0x0000008c   Code   RO          153    i.ESP_Login         esp8266.o
    0x080007e4   0x080007e4   0x00000308   Code   RO          154    i.ESP_Read          esp8266.o
    0x08000aec   0x08000aec   0x00000058   Code   RO          156    i.Get_IP            esp8266.o
    0x08000b44   0x08000b44   0x00000024   Code   RO         3028    i.HAL_DMA_Abort_IT  stm32f4xx_hal_dma.o
    0x08000b68   0x08000b68   0x00000024   Code   RO         3446    i.HAL_Delay         stm32f4xx_hal.o
    0x08000b8c   0x08000b8c   0x000001b0   Code   RO         2920    i.HAL_GPIO_Init     stm32f4xx_hal_gpio.o
    0x08000d3c   0x08000d3c   0x0000000a   Code   RO         2922    i.HAL_GPIO_ReadPin  stm32f4xx_hal_gpio.o
    0x08000d46   0x08000d46   0x0000000e   Code   RO         2923    i.HAL_GPIO_TogglePin  stm32f4xx_hal_gpio.o
    0x08000d54   0x08000d54   0x0000000a   Code   RO         2924    i.HAL_GPIO_WritePin  stm32f4xx_hal_gpio.o
    0x08000d5e   0x08000d5e   0x00000002   PAD
    0x08000d60   0x08000d60   0x0000000c   Code   RO         3452    i.HAL_GetTick       stm32f4xx_hal.o
    0x08000d6c   0x08000d6c   0x00000174   Code   RO          882    i.HAL_I2C_Init      stm32f4xx_hal_i2c.o
    0x08000ee0   0x08000ee0   0x00000130   Code   RO          903    i.HAL_I2C_Mem_Write  stm32f4xx_hal_i2c.o
    0x08001010   0x08001010   0x00000068   Code   RO          806    i.HAL_I2C_MspInit   stm32f4xx_hal_msp.o
    0x08001078   0x08001078   0x00000010   Code   RO         3458    i.HAL_IncTick       stm32f4xx_hal.o
    0x08001088   0x08001088   0x00000034   Code   RO         3459    i.HAL_Init          stm32f4xx_hal.o
    0x080010bc   0x080010bc   0x00000040   Code   RO         3460    i.HAL_InitTick      stm32f4xx_hal.o
    0x080010fc   0x080010fc   0x00000030   Code   RO          807    i.HAL_MspInit       stm32f4xx_hal_msp.o
    0x0800112c   0x0800112c   0x0000001a   Code   RO         3309    i.HAL_NVIC_EnableIRQ  stm32f4xx_hal_cortex.o
    0x08001146   0x08001146   0x00000002   PAD
    0x08001148   0x08001148   0x00000040   Code   RO         3315    i.HAL_NVIC_SetPriority  stm32f4xx_hal_cortex.o
    0x08001188   0x08001188   0x00000024   Code   RO         3316    i.HAL_NVIC_SetPriorityGrouping  stm32f4xx_hal_cortex.o
    0x080011ac   0x080011ac   0x00000130   Code   RO         2566    i.HAL_RCC_ClockConfig  stm32f4xx_hal_rcc.o
    0x080012dc   0x080012dc   0x0000000c   Code   RO         2571    i.HAL_RCC_GetHCLKFreq  stm32f4xx_hal_rcc.o
    0x080012e8   0x080012e8   0x00000020   Code   RO         2573    i.HAL_RCC_GetPCLK1Freq  stm32f4xx_hal_rcc.o
    0x08001308   0x08001308   0x00000020   Code   RO         2574    i.HAL_RCC_GetPCLK2Freq  stm32f4xx_hal_rcc.o
    0x08001328   0x08001328   0x00000064   Code   RO         2575    i.HAL_RCC_GetSysClockFreq  stm32f4xx_hal_rcc.o
    0x0800138c   0x0800138c   0x0000031c   Code   RO         2578    i.HAL_RCC_OscConfig  stm32f4xx_hal_rcc.o
    0x080016a8   0x080016a8   0x00000028   Code   RO         3320    i.HAL_SYSTICK_Config  stm32f4xx_hal_cortex.o
    0x080016d0   0x080016d0   0x00000054   Code   RO         1991    i.HAL_TIMEx_ConfigBreakDeadTime  stm32f4xx_hal_tim_ex.o
    0x08001724   0x08001724   0x00000042   Code   RO         2006    i.HAL_TIMEx_MasterConfigSynchronization  stm32f4xx_hal_tim_ex.o
    0x08001766   0x08001766   0x00000002   PAD
    0x08001768   0x08001768   0x00000054   Code   RO          808    i.HAL_TIM_MspPostInit  stm32f4xx_hal_msp.o
    0x080017bc   0x080017bc   0x00000056   Code   RO         1357    i.HAL_TIM_OC_ConfigChannel  stm32f4xx_hal_tim.o
    0x08001812   0x08001812   0x00000036   Code   RO         1361    i.HAL_TIM_OC_Init   stm32f4xx_hal_tim.o
    0x08001848   0x08001848   0x00000002   Code   RO         1363    i.HAL_TIM_OC_MspInit  stm32f4xx_hal_tim.o
    0x0800184a   0x0800184a   0x000000d0   Code   RO         1380    i.HAL_TIM_PWM_ConfigChannel  stm32f4xx_hal_tim.o
    0x0800191a   0x0800191a   0x00000036   Code   RO         1383    i.HAL_TIM_PWM_Init  stm32f4xx_hal_tim.o
    0x08001950   0x08001950   0x00000028   Code   RO          810    i.HAL_TIM_PWM_MspInit  stm32f4xx_hal_msp.o
    0x08001978   0x08001978   0x00000044   Code   RO         1388    i.HAL_TIM_PWM_Start  stm32f4xx_hal_tim.o
    0x080019bc   0x080019bc   0x00000002   Code   RO         2260    i.HAL_UART_ErrorCallback  stm32f4xx_hal_uart.o
    0x080019be   0x080019be   0x00000002   PAD
    0x080019c0   0x080019c0   0x00000110   Code   RO         2263    i.HAL_UART_IRQHandler  stm32f4xx_hal_uart.o
    0x08001ad0   0x08001ad0   0x00000062   Code   RO         2264    i.HAL_UART_Init     stm32f4xx_hal_uart.o
    0x08001b32   0x08001b32   0x00000002   PAD
    0x08001b34   0x08001b34   0x00000078   Code   RO          812    i.HAL_UART_MspInit  stm32f4xx_hal_msp.o
    0x08001bac   0x08001bac   0x00000052   Code   RO         2269    i.HAL_UART_Receive_IT  stm32f4xx_hal_uart.o
    0x08001bfe   0x08001bfe   0x00000002   PAD
    0x08001c00   0x08001c00   0x000000bc   Code   RO          157    i.HAL_UART_RxCpltCallback  esp8266.o
    0x08001cbc   0x08001cbc   0x0000003e   Code   RO         2274    i.HAL_UART_Transmit_IT  stm32f4xx_hal_uart.o
    0x08001cfa   0x08001cfa   0x00000002   Code   RO         2275    i.HAL_UART_TxCpltCallback  stm32f4xx_hal_uart.o
    0x08001cfc   0x08001cfc   0x00000004   Code   RO          725    i.HardFault_Handler  stm32f4xx_it.o
    0x08001d00   0x08001d00   0x0000002e   Code   RO          924    i.I2C_IsAcknowledgeFailed  stm32f4xx_hal_i2c.o
    0x08001d2e   0x08001d2e   0x00000002   PAD
    0x08001d30   0x08001d30   0x00000094   Code   RO          934    i.I2C_RequestMemoryWrite  stm32f4xx_hal_i2c.o
    0x08001dc4   0x08001dc4   0x0000004c   Code   RO          937    i.I2C_WaitOnBTFFlagUntilTimeout  stm32f4xx_hal_i2c.o
    0x08001e10   0x08001e10   0x00000068   Code   RO          938    i.I2C_WaitOnFlagUntilTimeout  stm32f4xx_hal_i2c.o
    0x08001e78   0x08001e78   0x00000096   Code   RO          939    i.I2C_WaitOnMasterAddressFlagUntilTimeout  stm32f4xx_hal_i2c.o
    0x08001f0e   0x08001f0e   0x0000004c   Code   RO          941    i.I2C_WaitOnTXEFlagUntilTimeout  stm32f4xx_hal_i2c.o
    0x08001f5a   0x08001f5a   0x00000002   PAD
    0x08001f5c   0x08001f5c   0x000000c4   Code   RO          650    i.MX_GPIO_Init      main.o
    0x08002020   0x08002020   0x000000b0   Code   RO          651    i.MX_TIM1_Init      main.o
    0x080020d0   0x080020d0   0x00000004   Code   RO          726    i.MemManage_Handler  stm32f4xx_it.o
    0x080020d4   0x080020d4   0x00000058   Code   RO          727    i.NMI_Handler       stm32f4xx_it.o
    0x0800212c   0x0800212c   0x00000002   Code   RO          728    i.PendSV_Handler    stm32f4xx_it.o
    0x0800212e   0x0800212e   0x00000002   Code   RO          729    i.SVC_Handler       stm32f4xx_it.o
    0x08002130   0x08002130   0x00000058   Code   RO          158    i.Send_ESP          esp8266.o
    0x08002188   0x08002188   0x00000070   Code   RO          159    i.Send_ESP_Conc     esp8266.o
    0x080021f8   0x080021f8   0x00000080   Code   RO          160    i.Send_ESP_Connect  esp8266.o
    0x08002278   0x08002278   0x00000004   Code   RO          730    i.SysTick_Handler   stm32f4xx_it.o
    0x0800227c   0x0800227c   0x00000070   Code   RO          652    i.SystemClock_Config  main.o
    0x080022ec   0x080022ec   0x00000054   Code   RO         3695    i.SystemInit        system_stm32f4xx.o
    0x08002340   0x08002340   0x000000c8   Code   RO         1401    i.TIM_Base_SetConfig  stm32f4xx_hal_tim.o
    0x08002408   0x08002408   0x0000001a   Code   RO         1402    i.TIM_CCxChannelCmd  stm32f4xx_hal_tim.o
    0x08002422   0x08002422   0x00000002   PAD
    0x08002424   0x08002424   0x00000060   Code   RO         1414    i.TIM_OC1_SetConfig  stm32f4xx_hal_tim.o
    0x08002484   0x08002484   0x0000006c   Code   RO         1415    i.TIM_OC2_SetConfig  stm32f4xx_hal_tim.o
    0x080024f0   0x080024f0   0x00000068   Code   RO         1416    i.TIM_OC3_SetConfig  stm32f4xx_hal_tim.o
    0x08002558   0x08002558   0x00000050   Code   RO         1417    i.TIM_OC4_SetConfig  stm32f4xx_hal_tim.o
    0x080025a8   0x080025a8   0x00000010   Code   RO         2277    i.UART_DMAAbortOnError  stm32f4xx_hal_uart.o
    0x080025b8   0x080025b8   0x0000001c   Code   RO         2287    i.UART_EndRxTransfer  stm32f4xx_hal_uart.o
    0x080025d4   0x080025d4   0x00000096   Code   RO         2289    i.UART_Receive_IT   stm32f4xx_hal_uart.o
    0x0800266a   0x0800266a   0x00000002   PAD
    0x0800266c   0x0800266c   0x000002ac   Code   RO         2290    i.UART_SetConfig    stm32f4xx_hal_uart.o
    0x08002918   0x08002918   0x00000062   Code   RO         2291    i.UART_Transmit_IT  stm32f4xx_hal_uart.o
    0x0800297a   0x0800297a   0x00000002   PAD
    0x0800297c   0x0800297c   0x0000000c   Code   RO          731    i.USART2_IRQHandler  stm32f4xx_it.o
    0x08002988   0x08002988   0x00000004   Code   RO          732    i.UsageFault_Handler  stm32f4xx_it.o
    0x0800298c   0x0800298c   0x00000020   Code   RO         3845    i.__0printf$3       mc_w.l(printf3.o)
    0x080029ac   0x080029ac   0x00000028   Code   RO         3847    i.__0sprintf$3      mc_w.l(printf3.o)
    0x080029d4   0x080029d4   0x00000020   Code   RO         3322    i.__NVIC_SetPriority  stm32f4xx_hal_cortex.o
    0x080029f4   0x080029f4   0x0000000e   Code   RO         4056    i.__scatterload_copy  mc_w.l(handlers.o)
    0x08002a02   0x08002a02   0x00000002   Code   RO         4057    i.__scatterload_null  mc_w.l(handlers.o)
    0x08002a04   0x08002a04   0x0000000e   Code   RO         4058    i.__scatterload_zeroinit  mc_w.l(handlers.o)
    0x08002a12   0x08002a12   0x00000002   PAD
    0x08002a14   0x08002a14   0x000001b8   Code   RO         3852    i._printf_core      mc_w.l(printf3.o)
    0x08002bcc   0x08002bcc   0x0000000a   Code   RO         3854    i._sputc            mc_w.l(printf3.o)
    0x08002bd6   0x08002bd6   0x00000002   PAD
    0x08002bd8   0x08002bd8   0x0000001c   Code   RO          161    i.clear_rcvbuffer   esp8266.o
    0x08002bf4   0x08002bf4   0x00000038   Code   RO           13    i.closeCover        servo.o
    0x08002c2c   0x08002c2c   0x0000002c   Code   RO          288    i.delayUS_DWT       ds1302.o
    0x08002c58   0x08002c58   0x00000028   Code   RO          440    i.fputc             printf.o
    0x08002c80   0x08002c80   0x00000030   Code   RO           14    i.initServo         servo.o
    0x08002cb0   0x08002cb0   0x000000c0   Code   RO          653    i.main              main.o
    0x08002d70   0x08002d70   0x00000038   Code   RO           15    i.openCover         servo.o
    0x08002da8   0x08002da8   0x00000024   Code   RO          289    i.readSDA           ds1302.o
    0x08002dcc   0x08002dcc   0x000000c4   Code   RO          490    i.send_connected_lcd  write_lcd_func.o
    0x08002e90   0x08002e90   0x00000180   Code   RO          491    i.send_intro_lcd    write_lcd_func.o
    0x08003010   0x08003010   0x000000d8   Code   RO          492    i.send_medicine_info  write_lcd_func.o
    0x080030e8   0x080030e8   0x000000c4   Code   RO          493    i.send_not_connected_lcd  write_lcd_func.o
    0x080031ac   0x080031ac   0x000000e0   Code   RO          494    i.send_ready_lcd    write_lcd_func.o
    0x0800328c   0x0800328c   0x0000009c   Code   RO          495    i.send_wifi_disconnected  write_lcd_func.o
    0x08003328   0x08003328   0x00000040   Code   RO          571    i.ssd1306_DrawPixel  ssd1306.o
    0x08003368   0x08003368   0x00000020   Code   RO          572    i.ssd1306_Fill      ssd1306.o
    0x08003388   0x08003388   0x000000cc   Code   RO          573    i.ssd1306_Init      ssd1306.o
    0x08003454   0x08003454   0x0000000c   Code   RO          575    i.ssd1306_SetCursor  ssd1306.o
    0x08003460   0x08003460   0x00000038   Code   RO          576    i.ssd1306_UpdateScreen  ssd1306.o
    0x08003498   0x08003498   0x0000009c   Code   RO          577    i.ssd1306_WriteChar  ssd1306.o
    0x08003534   0x08003534   0x00000024   Code   RO          578    i.ssd1306_WriteCommand  ssd1306.o
    0x08003558   0x08003558   0x00000020   Code   RO          579    i.ssd1306_WriteData  ssd1306.o
    0x08003578   0x08003578   0x0000002c   Code   RO          580    i.ssd1306_WriteString  ssd1306.o
    0x080035a4   0x080035a4   0x00000024   Code   RO          290    i.writeSDA          ds1302.o
    0x080035c8   0x080035c8   0x0000076c   Data   RO          551    .constdata          ssd1306_fonts.o
    0x08003d34   0x08003d34   0x00000010   Data   RO         3696    .constdata          system_stm32f4xx.o
    0x08003d44   0x08003d44   0x00000008   Data   RO         3697    .constdata          system_stm32f4xx.o
    0x08003d4c   0x08003d4c   0x00000651   Data   RO          163    .conststring        esp8266.o
    0x0800439d   0x0800439d   0x00000003   PAD
    0x080043a0   0x080043a0   0x00000020   Data   RO         4054    Region$$Table       anon$$obj.o


    Execution Region RW_IRAM1 (Exec base: 0x20000000, Load base: 0x080043c0, Size: 0x00001140, Max: 0x00020000, ABSOLUTE)

    Exec Addr    Load Addr    Size         Type   Attr      Idx    E Section Name        Object

    0x20000000   0x080043c0   0x00000051   Data   RW          165    .data               esp8266.o
    0x20000051   0x08004411   0x00000003   PAD
    0x20000054   0x08004414   0x00000004   Data   RW          441    .data               printf.o
    0x20000058   0x08004418   0x00000008   Data   RW          554    .data               ssd1306_fonts.o
    0x20000060   0x08004420   0x00000006   Data   RW          582    .data               ssd1306.o
    0x20000066   0x08004426   0x00000002   PAD
    0x20000068   0x08004428   0x0000000c   Data   RW         3466    .data               stm32f4xx_hal.o
    0x20000074   0x08004434   0x00000004   Data   RW         3698    .data               system_stm32f4xx.o
    0x20000078   0x08004438   0x00000004   Data   RW         3749    .data               mc_w.l(strtok.o)
    0x2000007c        -       0x00000785   Zero   RW          162    .bss                esp8266.o
    0x20000801        -       0x00000064   Zero   RW          496    .bss                write_lcd_func.o
    0x20000865        -       0x00000400   Zero   RW          581    .bss                ssd1306.o
    0x20000c65   0x0800443c   0x00000003   PAD
    0x20000c68        -       0x000000d4   Zero   RW          654    .bss                main.o
    0x20000d3c   0x0800443c   0x00000004   PAD
    0x20000d40        -       0x00000400   Zero   RW            1    STACK               startup_stm32f407xx.o


==============================================================================

Image component sizes


      Code (inc. data)   RO Data    RW Data    ZI Data      Debug   Object Name

       586         42          0          0          0       5182   ds1302.o
        68         10          0          0          0        541   dwt_delay.o
      1928        480       1617         81       1925      38737   esp8266.o
       676         52          0          0        212       3796   main.o
        40          4          0          4          0      32807   printf.o
       160          0          0          0          0     698233   servo.o
       636         44          0          6       1024       6016   ssd1306.o
         0          0       1900          8          0       1010   ssd1306_fonts.o
        36          8        392          0       1024        824   startup_stm32f407xx.o
       180         28          0         12          0       4497   stm32f4xx_hal.o
       198         14          0          0          0      33879   stm32f4xx_hal_cortex.o
        36          0          0          0          0       1187   stm32f4xx_hal_dma.o
       466         44          0          0          0       3644   stm32f4xx_hal_gpio.o
      1276         30          0          0          0       9111   stm32f4xx_hal_i2c.o
       396         52          0          0          0       3479   stm32f4xx_hal_msp.o
      1276         86          0          0          0       5548   stm32f4xx_hal_rcc.o
      1086         90          0          0          0      10076   stm32f4xx_hal_tim.o
       150          0          0          0          0       2108   stm32f4xx_hal_tim_ex.o
      1494         14          0          0          0       8330   stm32f4xx_hal_uart.o
       126         18          0          0          0       4554   stm32f4xx_it.o
        84         18         24          4          0       1123   system_stm32f4xx.o
      1372        464          0          0        100       4301   write_lcd_func.o

    ----------------------------------------------------------------------
     12296       1498       3968        120       4292     878983   Object Totals
         0          0         32          0          0          0   (incl. Generated)
        26          0          3          5          7          0   (incl. Padding)

    ----------------------------------------------------------------------

      Code (inc. data)   RO Data    RW Data    ZI Data      Debug   Library Member Name

         0          0          0          0          0          0   entry.o
         0          0          0          0          0          0   entry10a.o
         0          0          0          0          0          0   entry11a.o
         8          4          0          0          0          0   entry2.o
         4          0          0          0          0          0   entry5.o
         0          0          0          0          0          0   entry7b.o
         0          0          0          0          0          0   entry8b.o
         8          4          0          0          0          0   entry9a.o
        30          0          0          0          0          0   handlers.o
        36          8          0          0          0         68   init.o
        30          0          0          0          0         68   llshl.o
        32          0          0          0          0         68   llushr.o
        36          0          0          0          0         68   memcpya.o
        36          0          0          0          0        108   memseta.o
       522         20          0          0          0        336   printf3.o
        24          0          0          0          0         68   strcat.o
        18          0          0          0          0         68   strcpy.o
        14          0          0          0          0         68   strlen.o
        30          0          0          0          0         80   strncmp.o
        36          0          0          0          0         80   strstr.o
        68          6          0          4          0         80   strtok.o
        44          0          0          0          0         80   uidiv.o
        98          0          0          0          0         92   uldiv.o

    ----------------------------------------------------------------------
      1080         42          0          4          0       1332   Library Totals
         6          0          0          0          0          0   (incl. Padding)

    ----------------------------------------------------------------------

      Code (inc. data)   RO Data    RW Data    ZI Data      Debug   Library Name

      1074         42          0          4          0       1332   mc_w.l

    ----------------------------------------------------------------------
      1080         42          0          4          0       1332   Library Totals

    ----------------------------------------------------------------------

==============================================================================


      Code (inc. data)   RO Data    RW Data    ZI Data      Debug   

     13376       1540       3968        124       4292     869543   Grand Totals
     13376       1540       3968        124       4292     869543   ELF Image Totals
     13376       1540       3968        124          0          0   ROM Totals

==============================================================================

    Total RO  Size (Code + RO Data)                17344 (  16.94kB)
    Total RW  Size (RW Data + ZI Data)              4416 (   4.31kB)
    Total ROM Size (Code + RO Data + RW Data)      17468 (  17.06kB)

==============================================================================

